../Drivers/STM32F0xx_HAL_Driver/Inc/stm32f0xx_ll_gpio.h:810:26:uint32_t LL_GPIO_IsOutputPinSet(GPIO_TypeDef*, uint32_t)	16	static
../Drivers/STM32F0xx_HAL_Driver/Inc/stm32f0xx_ll_gpio.h:839:22:void LL_GPIO_SetOutputPin(GPIO_TypeDef*, uint32_t)	16	static
../Drivers/STM32F0xx_HAL_Driver/Inc/stm32f0xx_ll_gpio.h:868:22:void LL_GPIO_ResetOutputPin(GPIO_TypeDef*, uint32_t)	16	static
../ssd1306/tm1637.cpp:15:6:void delay_micros(uint32_t)	16	static
../ssd1306/tm1637.cpp:23:6:void writeByte(int8_t)	32	static
../ssd1306/tm1637.cpp:60:6:void start()	8	static
../ssd1306/tm1637.cpp:71:6:void stop()	8	static
../ssd1306/tm1637.cpp:82:6:void display_mass(int8_t*)	32	static
../ssd1306/tm1637.cpp:109:6:void display(uint8_t, int8_t)	32	static
../ssd1306/tm1637.cpp:129:6:void clearDisplay()	8	static
../ssd1306/tm1637.cpp:137:6:void set_brightness(uint8_t)	16	static
../ssd1306/tm1637.cpp:142:6:void point(uint8_t)	16	static
../ssd1306/tm1637.cpp:148:6:void coding_mass(int8_t*)	24	static
../ssd1306/tm1637.cpp:162:8:int8_t coding(int8_t)	24	static
