../modbus_rtu/my_modbus_slave.c:159:9:MB_Init	40	static
../modbus_rtu/my_modbus_slave.c:188:16:MB_InitStr	24	static
../modbus_rtu/my_modbus_slave.c:237:13:MB_SetInterfaceFunctions	24	static
../modbus_rtu/my_modbus_slave.c:246:13:MB_SetInterfaceDataLinks	24	static
../modbus_rtu/my_modbus_slave.c:265:13:MB_SetServerId	24	static
../modbus_rtu/my_modbus_slave.c:271:6:MB_Update	16	static
../modbus_rtu/my_modbus_slave.c:276:6:Mb_RxCallback	16	static
../modbus_rtu/my_modbus_slave.c:281:13:MB_SetGlVarPointer	16	static
../modbus_rtu/my_modbus_slave.c:293:13:MB_ProgrammTimerUpdate	16	static
../modbus_rtu/my_modbus_slave.c:313:13:MB_15tCallback	16	static
../modbus_rtu/my_modbus_slave.c:331:13:MB_35tCallback	16	static
../modbus_rtu/my_modbus_slave.c:392:13:MB_Reset	16	static
../modbus_rtu/my_modbus_slave.c:430:16:MB_AccReq	40	static
../modbus_rtu/my_modbus_slave.c:470:6:MB_SetTransmitCompleteFlag	16	static
../modbus_rtu/my_modbus_slave.c:504:13:MB_RxCorruptCallback	24	static
../modbus_rtu/my_modbus_slave.c:519:13:MB_ResetProgrammTimer	16	static
../modbus_rtu/my_modbus_slave.c:533:17:MB_CrcCalc	32	static
../modbus_rtu/my_modbus_slave.c:545:16:MB_CheckCrcRx	32	static
../modbus_rtu/my_modbus_slave.c:569:13:MB_SlaveUpdate	24	static
../modbus_rtu/my_modbus_slave.c:646:13:MB_SlaveRxTrueCallback	24	static
../modbus_rtu/my_modbus_slave.c:686:13:MB_SlaveResponse0x01	32	static
../modbus_rtu/my_modbus_slave.c:713:13:MB_SlaveResponse0x02	32	static
../modbus_rtu/my_modbus_slave.c:737:13:MB_SlaveResponse0x05	32	static
../modbus_rtu/my_modbus_slave.c:760:13:MB_SlaveResponse0x0F	40	static
../modbus_rtu/my_modbus_slave.c:791:13:ReadGlobalVar16b	56	static
../modbus_rtu/my_modbus_slave.c:850:13:MB_SlaveResponse0x03	32	static
../modbus_rtu/my_modbus_slave.c:872:13:WriteGlobalVar16b	64	static
../modbus_rtu/my_modbus_slave.c:929:13:MB_SlaveResponse0x10	32	static
../modbus_rtu/my_modbus_slave.c:949:13:MB_SlaveResponse0x11	32	static
../modbus_rtu/my_modbus_slave.c:971:13:MB_SlaveError	32	static
../modbus_rtu/my_modbus_slave.c:985:13:MB_SlaveResponce	16	static
../modbus_rtu/my_modbus_slave.c:992:16:MB_SlaveCheckData	40	static
../modbus_rtu/my_modbus_slave.c:1209:9:MB_CalculateTimingsForHardwareTimer	24	static
../modbus_rtu/my_modbus_slave.c:1243:9:MB_CalculateTimingsForSoftwareTimer	24	static
../modbus_rtu/my_modbus_slave.c:1321:9:MB_Request	56	static
../modbus_rtu/my_modbus_slave.c:1410:9:MB_ReturnSlaveResponce	80	static
../modbus_rtu/my_modbus_slave.c:1501:13:MB_RxMasterCallback	24	static
../modbus_rtu/my_modbus_slave.c:1535:13:MB_MasterUpdate	32	static
../modbus_rtu/my_modbus_slave.c:1636:13:MB_MasterSendRequest0x01	32	static
../modbus_rtu/my_modbus_slave.c:1651:13:MB_MasterSendRequest0x02	32	static
../modbus_rtu/my_modbus_slave.c:1666:13:MB_MasterSendRequest0x03	32	static
../modbus_rtu/my_modbus_slave.c:1681:13:MB_MasterSendRequest0x05	32	static
../modbus_rtu/my_modbus_slave.c:1697:13:MB_MasterSendRequest0x0F	40	static
../modbus_rtu/my_modbus_slave.c:1722:13:MB_MasterSendRequest0x10	40	static
../modbus_rtu/my_modbus_slave.c:1747:13:MB_MasterSendRequest0x11	32	static
../modbus_rtu/my_modbus_slave.c:1767:13:MB_MasterCheckResponce0x01	16	static
../modbus_rtu/my_modbus_slave.c:1794:13:MB_MasterCheckResponce0x02	16	static
../modbus_rtu/my_modbus_slave.c:1823:13:MB_MasterCheckResponce0x03	16	static
../modbus_rtu/my_modbus_slave.c:1850:13:MB_MasterCheckResponce0x05	32	static
../modbus_rtu/my_modbus_slave.c:1884:13:MB_MasterCheckResponce0x0F	32	static
../modbus_rtu/my_modbus_slave.c:1914:13:MB_MasterCheckResponce0x10	32	static
../modbus_rtu/my_modbus_slave.c:1943:13:MB_MasterCheckResponce0x11	24	static
