../Drivers/CMSIS/Include/core_cm0.h:623:22:void __NVIC_EnableIRQ(IRQn_Type)	16	static
../Drivers/CMSIS/Include/core_cm0.h:730:22:void __NVIC_SetPriority(IRQn_Type, uint32_t)	24	static
../Drivers/STM32F0xx_HAL_Driver/Inc/stm32f0xx_ll_rcc.h:710:22:void LL_RCC_HSE_Enable()	8	static
../Drivers/STM32F0xx_HAL_Driver/Inc/stm32f0xx_ll_rcc.h:730:26:uint32_t LL_RCC_HSE_IsReady()	8	static
../Drivers/STM32F0xx_HAL_Driver/Inc/stm32f0xx_ll_rcc.h:1100:22:void LL_RCC_SetSysClkSource(uint32_t)	16	static
../Drivers/STM32F0xx_HAL_Driver/Inc/stm32f0xx_ll_rcc.h:1116:26:uint32_t LL_RCC_GetSysClkSource()	8	static
../Drivers/STM32F0xx_HAL_Driver/Inc/stm32f0xx_ll_rcc.h:1136:22:void LL_RCC_SetAHBPrescaler(uint32_t)	16	static
../Drivers/STM32F0xx_HAL_Driver/Inc/stm32f0xx_ll_rcc.h:1152:22:void LL_RCC_SetAPB1Prescaler(uint32_t)	16	static
../Drivers/STM32F0xx_HAL_Driver/Inc/stm32f0xx_ll_rcc.h:1273:22:void LL_RCC_SetUSARTClockSource(uint32_t)	16	static
../Drivers/STM32F0xx_HAL_Driver/Inc/stm32f0xx_ll_rcc.h:1507:22:void LL_RCC_PLL_Enable()	8	static
../Drivers/STM32F0xx_HAL_Driver/Inc/stm32f0xx_ll_rcc.h:1528:26:uint32_t LL_RCC_PLL_IsReady()	8	static
../Drivers/STM32F0xx_HAL_Driver/Inc/stm32f0xx_ll_rcc.h:1629:22:void LL_RCC_PLL_ConfigDomain_SYS(uint32_t, uint32_t)	16	static
../Drivers/STM32F0xx_HAL_Driver/Inc/stm32f0xx_ll_bus.h:227:22:void LL_AHB1_GRP1_EnableClock(uint32_t)	24	static
../Drivers/STM32F0xx_HAL_Driver/Inc/stm32f0xx_ll_bus.h:415:22:void LL_APB1_GRP1_EnableClock(uint32_t)	24	static
../Drivers/STM32F0xx_HAL_Driver/Inc/stm32f0xx_ll_bus.h:665:22:void LL_APB1_GRP2_EnableClock(uint32_t)	24	static
../Drivers/STM32F0xx_HAL_Driver/Inc/stm32f0xx_ll_system.h:1779:22:void LL_FLASH_SetLatency(uint32_t)	16	static
../Drivers/STM32F0xx_HAL_Driver/Inc/stm32f0xx_ll_system.h:1791:26:uint32_t LL_FLASH_GetLatency()	8	static
../Drivers/STM32F0xx_HAL_Driver/Inc/stm32f0xx_ll_usart.h:570:22:void LL_USART_Enable(USART_TypeDef*)	16	static
../Drivers/STM32F0xx_HAL_Driver/Inc/stm32f0xx_ll_usart.h:2315:22:void LL_USART_ConfigAsyncMode(USART_TypeDef*)	16	static
../Drivers/STM32F0xx_HAL_Driver/Inc/stm32f0xx_ll_usart.h:2727:26:uint32_t LL_USART_IsActiveFlag_RXNE(USART_TypeDef*)	16	static
../Drivers/STM32F0xx_HAL_Driver/Inc/stm32f0xx_ll_usart.h:2749:26:uint32_t LL_USART_IsActiveFlag_TXE(USART_TypeDef*)	16	static
../Drivers/STM32F0xx_HAL_Driver/Inc/stm32f0xx_ll_usart.h:2991:22:void LL_USART_ClearFlag_TC(USART_TypeDef*)	16	static
../Drivers/STM32F0xx_HAL_Driver/Inc/stm32f0xx_ll_usart.h:3104:22:void LL_USART_EnableIT_RXNE(USART_TypeDef*)	32	static,ignoring_inline_asm
../Drivers/STM32F0xx_HAL_Driver/Inc/stm32f0xx_ll_usart.h:3370:22:void LL_USART_DisableIT_CTS(USART_TypeDef*)	32	static,ignoring_inline_asm
../Drivers/STM32F0xx_HAL_Driver/Inc/stm32f0xx_ll_usart.h:3691:25:uint8_t LL_USART_ReceiveData8(USART_TypeDef*)	16	static
../Drivers/STM32F0xx_HAL_Driver/Inc/stm32f0xx_ll_usart.h:3714:22:void LL_USART_TransmitData8(USART_TypeDef*, uint8_t)	16	static
../Drivers/STM32F0xx_HAL_Driver/Inc/stm32f0xx_ll_gpio.h:868:22:void LL_GPIO_ResetOutputPin(GPIO_TypeDef*, uint32_t)	16	static
../regulator/pid.h:28:2:pid::pid()	16	static
../global_var/global_var.h:34:2:globalVar::globalVar()	16	static
../out_pin_with_pwm/regul_pin.h:23:2:regulPin::regulPin(uint32_t, uint32_t*)	24	static
../uart_prot/uart_prot.h:60:7:void programTimer::timerUpdate()	16	static
../uart_prot/uart_prot.h:73:7:void programTimer::timerStop()	16	static
../uart_prot/uart_prot.h:103:7:bool uartProt::getResReadyFlag()	16	static
../uart_prot/uart_prot.h:104:7:void uartProt::resTransmit()	16	static
../uart_prot/uart_prot.h:105:7:void uartProt::update()	16	static
../Core/Src/main.cpp:74:6:void USART_TX(uint8_t*, uint16_t)	32	static
../Core/Src/main.cpp:90:5:int main()	8	static
../Core/Src/main.cpp:145:17:void TIM16_IRQHandler()	24	static
../Core/Src/main.cpp:166:17:void USART1_IRQHandler()	8	static
../Core/Src/main.cpp:183:6:void SystemClock_Config()	8	static
../Core/Src/main.cpp:225:13:void MX_TIM14_Init()	32	static
../Core/Src/main.cpp:245:13:void MX_TIM16_Init()	8	static
../Core/Src/main.cpp:273:13:void MX_USART1_UART_Init()	72	static
../Core/Src/main.cpp:338:13:void MX_GPIO_Init()	32	static
../Core/Src/main.cpp:396:6:void Error_Handler()	8	static,ignoring_inline_asm
../Core/Src/main.cpp:405:1:void __static_initialization_and_destruction_0(int, int)	16	static
../Core/Src/main.cpp:405:1:cpp)	8	static
