Archive member included to satisfy reference by file (symbol)

c:/st/stm32cubeide_1.9.0/stm32cubeide/plugins/com.st.stm32cube.ide.mcu.externaltools.gnu-tools-for-stm32.10.3-2021.10.win32_1.0.0.202111181127/tools/bin/../lib/gcc/arm-none-eabi/10.3.1/../../../../arm-none-eabi/lib/thumb/v6-m/nofp\libc_nano.a(lib_a-errno.o)
                              ./Core/Src/syscalls.o (__errno)
c:/st/stm32cubeide_1.9.0/stm32cubeide/plugins/com.st.stm32cube.ide.mcu.externaltools.gnu-tools-for-stm32.10.3-2021.10.win32_1.0.0.202111181127/tools/bin/../lib/gcc/arm-none-eabi/10.3.1/../../../../arm-none-eabi/lib/thumb/v6-m/nofp\libc_nano.a(lib_a-exit.o)
                              c:/st/stm32cubeide_1.9.0/stm32cubeide/plugins/com.st.stm32cube.ide.mcu.externaltools.gnu-tools-for-stm32.10.3-2021.10.win32_1.0.0.202111181127/tools/bin/../lib/gcc/arm-none-eabi/10.3.1/../../../../arm-none-eabi/lib/thumb/v6-m/nofp/crt0.o (exit)
c:/st/stm32cubeide_1.9.0/stm32cubeide/plugins/com.st.stm32cube.ide.mcu.externaltools.gnu-tools-for-stm32.10.3-2021.10.win32_1.0.0.202111181127/tools/bin/../lib/gcc/arm-none-eabi/10.3.1/../../../../arm-none-eabi/lib/thumb/v6-m/nofp\libc_nano.a(lib_a-impure.o)
                              c:/st/stm32cubeide_1.9.0/stm32cubeide/plugins/com.st.stm32cube.ide.mcu.externaltools.gnu-tools-for-stm32.10.3-2021.10.win32_1.0.0.202111181127/tools/bin/../lib/gcc/arm-none-eabi/10.3.1/../../../../arm-none-eabi/lib/thumb/v6-m/nofp\libc_nano.a(lib_a-exit.o) (_global_impure_ptr)
c:/st/stm32cubeide_1.9.0/stm32cubeide/plugins/com.st.stm32cube.ide.mcu.externaltools.gnu-tools-for-stm32.10.3-2021.10.win32_1.0.0.202111181127/tools/bin/../lib/gcc/arm-none-eabi/10.3.1/../../../../arm-none-eabi/lib/thumb/v6-m/nofp\libc_nano.a(lib_a-init.o)
                              c:/st/stm32cubeide_1.9.0/stm32cubeide/plugins/com.st.stm32cube.ide.mcu.externaltools.gnu-tools-for-stm32.10.3-2021.10.win32_1.0.0.202111181127/tools/bin/../lib/gcc/arm-none-eabi/10.3.1/../../../../arm-none-eabi/lib/thumb/v6-m/nofp/crt0.o (__libc_init_array)
c:/st/stm32cubeide_1.9.0/stm32cubeide/plugins/com.st.stm32cube.ide.mcu.externaltools.gnu-tools-for-stm32.10.3-2021.10.win32_1.0.0.202111181127/tools/bin/../lib/gcc/arm-none-eabi/10.3.1/../../../../arm-none-eabi/lib/thumb/v6-m/nofp\libc_nano.a(lib_a-memset.o)
                              c:/st/stm32cubeide_1.9.0/stm32cubeide/plugins/com.st.stm32cube.ide.mcu.externaltools.gnu-tools-for-stm32.10.3-2021.10.win32_1.0.0.202111181127/tools/bin/../lib/gcc/arm-none-eabi/10.3.1/../../../../arm-none-eabi/lib/thumb/v6-m/nofp/crt0.o (memset)
c:/st/stm32cubeide_1.9.0/stm32cubeide/plugins/com.st.stm32cube.ide.mcu.externaltools.gnu-tools-for-stm32.10.3-2021.10.win32_1.0.0.202111181127/tools/bin/../lib/gcc/arm-none-eabi/10.3.1/thumb/v6-m/nofp\libgcc.a(_udivsi3.o)
                              ./Core/Src/system_stm32f0xx.o (__aeabi_uidiv)
c:/st/stm32cubeide_1.9.0/stm32cubeide/plugins/com.st.stm32cube.ide.mcu.externaltools.gnu-tools-for-stm32.10.3-2021.10.win32_1.0.0.202111181127/tools/bin/../lib/gcc/arm-none-eabi/10.3.1/thumb/v6-m/nofp\libgcc.a(_dvmd_tls.o)
                              c:/st/stm32cubeide_1.9.0/stm32cubeide/plugins/com.st.stm32cube.ide.mcu.externaltools.gnu-tools-for-stm32.10.3-2021.10.win32_1.0.0.202111181127/tools/bin/../lib/gcc/arm-none-eabi/10.3.1/thumb/v6-m/nofp\libgcc.a(_udivsi3.o) (__aeabi_idiv0)
c:/st/stm32cubeide_1.9.0/stm32cubeide/plugins/com.st.stm32cube.ide.mcu.externaltools.gnu-tools-for-stm32.10.3-2021.10.win32_1.0.0.202111181127/tools/bin/../lib/gcc/arm-none-eabi/10.3.1/thumb/v6-m/nofp\libgcc.a(_arm_cmpsf2.o)
                              ./out_pin_with_pwm/regul_pin.o (__aeabi_fcmplt)
c:/st/stm32cubeide_1.9.0/stm32cubeide/plugins/com.st.stm32cube.ide.mcu.externaltools.gnu-tools-for-stm32.10.3-2021.10.win32_1.0.0.202111181127/tools/bin/../lib/gcc/arm-none-eabi/10.3.1/thumb/v6-m/nofp\libgcc.a(_muldi3.o)
                              ./out_pin_with_pwm/regul_pin.o (__aeabi_lmul)
c:/st/stm32cubeide_1.9.0/stm32cubeide/plugins/com.st.stm32cube.ide.mcu.externaltools.gnu-tools-for-stm32.10.3-2021.10.win32_1.0.0.202111181127/tools/bin/../lib/gcc/arm-none-eabi/10.3.1/thumb/v6-m/nofp\libgcc.a(addsf3.o)
                              ./ds18b20/ds18b20.o (__aeabi_fadd)
c:/st/stm32cubeide_1.9.0/stm32cubeide/plugins/com.st.stm32cube.ide.mcu.externaltools.gnu-tools-for-stm32.10.3-2021.10.win32_1.0.0.202111181127/tools/bin/../lib/gcc/arm-none-eabi/10.3.1/thumb/v6-m/nofp\libgcc.a(divsf3.o)
                              ./ds18b20/ds18b20.o (__aeabi_fdiv)
c:/st/stm32cubeide_1.9.0/stm32cubeide/plugins/com.st.stm32cube.ide.mcu.externaltools.gnu-tools-for-stm32.10.3-2021.10.win32_1.0.0.202111181127/tools/bin/../lib/gcc/arm-none-eabi/10.3.1/thumb/v6-m/nofp\libgcc.a(eqsf2.o)
[...]
Memory Configuration

Name             Origin             Length             Attributes
RAM              0x0000000020000000 0x0000000000001000 xrw
FLASH            0x0000000008000000 0x0000000000004000 xr
*default*        0x0000000000000000 0xffffffffffffffff

Linker script and memory map

LOAD c:/st/stm32cubeide_1.9.0/stm32cubeide/plugins/com.st.stm32cube.ide.mcu.externaltools.gnu-tools-for-stm32.10.3-2021.10.win32_1.0.0.202111181127/tools/bin/../lib/gcc/arm-none-eabi/10.3.1/thumb/v6-m/nofp/crti.o
LOAD c:/st/stm32cubeide_1.9.0/stm32cubeide/plugins/com.st.stm32cube.ide.mcu.externaltools.gnu-tools-for-stm32.10.3-2021.10.win32_1.0.0.202111181127/tools/bin/../lib/gcc/arm-none-eabi/10.3.1/thumb/v6-m/nofp/crtbegin.o
LOAD c:/st/stm32cubeide_1.9.0/stm32cubeide/plugins/com.st.stm32cube.ide.mcu.externaltools.gnu-tools-for-stm32.10.3-2021.10.win32_1.0.0.202111181127/tools/bin/../lib/gcc/arm-none-eabi/10.3.1/../../../../arm-none-eabi/lib/thumb/v6-m/nofp/crt0.o
LOAD ./Core/Src/main.o
LOAD ./Core/Src/stm32f0xx_it.o
LOAD ./Core/Src/syscalls.o
LOAD ./Core/Src/sysmem.o
LOAD ./Core/Src/system_stm32f0xx.o
LOAD ./Core/Startup/startup_stm32f030f4px.o
LOAD ./Drivers/STM32F0xx_HAL_Driver/Src/stm32f0xx_ll_dma.o
LOAD ./Drivers/STM32F0xx_HAL_Driver/Src/stm32f0xx_ll_exti.o
LOAD ./Drivers/STM32F0xx_HAL_Driver/Src/stm32f0xx_ll_gpio.o
LOAD ./Drivers/STM32F0xx_HAL_Driver/Src/stm32f0xx_ll_pwr.o
LOAD ./Drivers/STM32F0xx_HAL_Driver/Src/stm32f0xx_ll_rcc.o
LOAD ./Drivers/STM32F0xx_HAL_Driver/Src/stm32f0xx_ll_tim.o
LOAD ./Drivers/STM32F0xx_HAL_Driver/Src/stm32f0xx_ll_usart.o
LOAD ./Drivers/STM32F0xx_HAL_Driver/Src/stm32f0xx_ll_utils.o
LOAD ./ds18b20/ds18b20.o
LOAD ./global_var/global_var.o
LOAD ./out_pin_with_pwm/regul_pin.o
LOAD ./regulator/pid.o
LOAD ./regulator/regulator.o
LOAD ./ssd1306/tm1637.o
LOAD ./uart_prot/uart_prot.o
START GROUP
LOAD c:/st/stm32cubeide_1.9.0/stm32cubeide/plugins/com.st.stm32cube.ide.mcu.externaltools.gnu-tools-for-stm32.10.3-2021.10.win32_1.0.0.202111181127/tools/bin/../lib/gcc/arm-none-eabi/10.3.1/../../../../arm-none-eabi/lib/thumb/v6-m/nofp\libstdc++_nano.a
LOAD c:/st/stm32cubeide_1.9.0/stm32cubeide/plugins/com.st.stm32cube.ide.mcu.externaltools.gnu-tools-for-stm32.10.3-2021.10.win32_1.0.0.202111181127/tools/bin/../lib/gcc/arm-none-eabi/10.3.1/../../../../arm-none-eabi/lib/thumb/v6-m/nofp\libsupc++_nano.a
END GROUP
LOAD c:/st/stm32cubeide_1.9.0/stm32cubeide/plugins/com.st.stm32cube.ide.mcu.externaltools.gnu-tools-for-stm32.10.3-2021.10.win32_1.0.0.202111181127/tools/bin/../lib/gcc/arm-none-eabi/10.3.1/../../../../arm-none-eabi/lib/thumb/v6-m/nofp\libstdc++_nano.a
LOAD c:/st/stm32cubeide_1.9.0/stm32cubeide/plugins/com.st.stm32cube.ide.mcu.externaltools.gnu-tools-for-stm32.10.3-2021.10.win32_1.0.0.202111181127/tools/bin/../lib/gcc/arm-none-eabi/10.3.1/../../../../arm-none-eabi/lib/thumb/v6-m/nofp\libm.a
LOAD c:/st/stm32cubeide_1.9.0/stm32cubeide/plugins/com.st.stm32cube.ide.mcu.externaltools.gnu-tools-for-stm32.10.3-2021.10.win32_1.0.0.202111181127/tools/bin/../lib/gcc/arm-none-eabi/10.3.1/../../../../arm-none-eabi/lib/thumb/v6-m/nofp\libc_nano.a
START GROUP
LOAD c:/st/stm32cubeide_1.9.0/stm32cubeide/plugins/com.st.stm32cube.ide.mcu.externaltools.gnu-tools-for-stm32.10.3-2021.10.win32_1.0.0.202111181127/tools/bin/../lib/gcc/arm-none-eabi/10.3.1/thumb/v6-m/nofp\libgcc.a
LOAD c:/st/stm32cubeide_1.9.0/stm32cubeide/plugins/com.st.stm32cube.ide.mcu.externaltools.gnu-tools-for-stm32.10.3-2021.10.win32_1.0.0.202111181127/tools/bin/../lib/gcc/arm-none-eabi/10.3.1/../../../../arm-none-eabi/lib/thumb/v6-m/nofp\libc_nano.a
END GROUP
START GROUP
LOAD c:/st/stm32cubeide_1.9.0/stm32cubeide/plugins/com.st.stm32cube.ide.mcu.externaltools.gnu-tools-for-stm32.10.3-2021.10.win32_1.0.0.202111181127/tools/bin/../lib/gcc/arm-none-eabi/10.3.1/thumb/v6-m/nofp\libgcc.a
LOAD c:/st/stm32cubeide_1.9.0/stm32cubeide/plugins/com.st.stm32cube.ide.mcu.externaltools.gnu-tools-for-stm32.10.3-2021.10.win32_1.0.0.202111181127/tools/bin/../lib/gcc/arm-none-eabi/10.3.1/../../../../arm-none-eabi/lib/thumb/v6-m/nofp\libc_nano.a
END GROUP
LOAD c:/st/stm32cubeide_1.9.0/stm32cubeide/plugins/com.st.stm32cube.ide.mcu.externaltools.gnu-tools-for-stm32.10.3-2021.10.win32_1.0.0.202111181127/tools/bin/../lib/gcc/arm-none-eabi/10.3.1/thumb/v6-m/nofp/crtend.o
LOAD c:/st/stm32cubeide_1.9.0/stm32cubeide/plugins/com.st.stm32cube.ide.mcu.externaltools.gnu-tools-for-stm32.10.3-2021.10.win32_1.0.0.202111181127/tools/bin/../lib/gcc/arm-none-eabi/10.3.1/thumb/v6-m/nofp/crtn.o
                0x0000000020001000                _estack = (ORIGIN (RAM) + LENGTH (RAM))
                0x0000000000000200                _Min_Heap_Size = 0x200
                0x0000000000000400                _Min_Stack_Size = 0x400

.isr_vector     0x0000000008000000       0xc0
                0x0000000008000000                . = ALIGN (0x4)
 *(.isr_vector)
 .isr_vector    0x0000000008000000       0xc0 ./Core/Startup/startup_stm32f030f4px.o
                0x0000000008000000                g_pfnVectors
                0x00000000080000c0                . = ALIGN (0x4)

.text           0x00000000080000c0     0x3d70
                0x00000000080000c0                . = ALIGN (0x4)
 *(.text)
 .text          0x00000000080000c0       0x48 c:/st/stm32cubeide_1.9.0/stm32cubeide/plugins/com.st.stm32cube.ide.mcu.externaltools.gnu-tools-for-stm32.10.3-2021.10.win32_1.0.0.202111181127/tools/bin/../lib/gcc/arm-none-eabi/10.3.1/thumb/v6-m/nofp/crtbegin.o
 .text          0x0000000008000108      0x114 c:/st/stm32cubeide_1.9.0/stm32cubeide/plugins/com.st.stm32cube.ide.mcu.externaltools.gnu-tools-for-stm32.10.3-2021.10.win32_1.0.0.202111181127/tools/bin/../lib/gcc/arm-none-eabi/10.3.1/thumb/v6-m/nofp\libgcc.a(_udivsi3.o)
                0x0000000008000108                __aeabi_uidiv
                0x0000000008000108                __udivsi3
                0x0000000008000214                __aeabi_uidivmod
 .text          0x000000000800021c        0x4 c:/st/stm32cubeide_1.9.0/stm32cubeide/plugins/com.st.stm32cube.ide.mcu.externaltools.gnu-tools-for-stm32.10.3-2021.10.win32_1.0.0.202111181127/tools/bin/../lib/gcc/arm-none-eabi/10.3.1/thumb/v6-m/nofp\libgcc.a(_dvmd_tls.o)
                0x000000000800021c                __aeabi_idiv0
                0x000000000800021c                __aeabi_ldiv0
 .text          0x0000000008000220       0x74 c:/st/stm32cubeide_1.9.0/stm32cubeide/plugins/com.st.stm32cube.ide.mcu.externaltools.gnu-tools-for-stm32.10.3-2021.10.win32_1.0.0.202111181127/tools/bin/../lib/gcc/arm-none-eabi/10.3.1/thumb/v6-m/nofp\libgcc.a(_arm_cmpsf2.o)
                0x0000000008000220                __aeabi_cfrcmple
                0x0000000008000228                __aeabi_cfcmpeq
                0x0000000008000228                __aeabi_cfcmple
                0x0000000008000238                __aeabi_fcmpeq
                0x0000000008000244                __aeabi_fcmplt
                0x0000000008000258                __aeabi_fcmple
                0x000000000800026c                __aeabi_fcmpgt
                0x0000000008000280                __aeabi_fcmpge
 .text          0x0000000008000294       0x5c c:/st/stm32cubeide_1.9.0/stm32cubeide/plugins/com.st.stm32cube.ide.mcu.externaltools.gnu-tools-for-stm32.10.3-2021.10.win32_1.0.0.202111181127/tools/bin/../lib/gcc/arm-none-eabi/10.3.1/thumb/v6-m/nofp\libgcc.a(_muldi3.o)
                0x0000000008000294                __muldi3
                0x0000000008000294                __aeabi_lmul
 .text          0x00000000080002f0      0x33c c:/st/stm32cubeide_1.9.0/stm32cubeide/plugins/com.st.stm32cube.ide.mcu.externaltools.gnu-tools-for-stm32.10.3-2021.10.win32_1.0.0.202111181127/tools/bin/../lib/gcc/arm-none-eabi/10.3.1/thumb/v6-m/nofp\libgcc.a(addsf3.o)
                0x00000000080002f0                __aeabi_fadd
 .text          0x000000000800062c      0x230 c:/st/stm32cubeide_1.9.0/stm32cubeide/plugins/com.st.stm32cube.ide.mcu.externaltools.gnu-tools-for-stm32.10.3-2021.10.win32_1.0.0.202111181127/tools/bin/../lib/gcc/arm-none-eabi/10.3.1/thumb/v6-m/nofp\libgcc.a(divsf3.o)
                0x000000000800062c                __aeabi_fdiv
 .text          0x000000000800085c       0x4c c:/st/stm32cubeide_1.9.0/stm32cubeide/plugins/com.st.stm32cube.ide.mcu.externaltools.gnu-tools-for-stm32.10.3-2021.10.win32_1.0.0.202111181127/tools/bin/../lib/gcc/arm-none-eabi/10.3.1/thumb/v6-m/nofp\libgcc.a(eqsf2.o)
                0x000000000800085c                __eqsf2
                0x000000000800085c                __nesf2
 .text          0x00000000080008a8       0x8c c:/st/stm32cubeide_1.9.0/stm32cubeide/plugins/com.st.stm32cube.ide.mcu.externaltools.gnu-tools-for-stm32.10.3-2021.10.win32_1.0.0.202111181127/tools/bin/../lib/gcc/arm-none-eabi/10.3.1/thumb/v6-m/nofp\libgcc.a(gesf2.o)
                0x00000000080008a8                __gesf2
                0x00000000080008a8                __gtsf2
 .text          0x0000000008000934       0x88 c:/st/stm32cubeide_1.9.0/stm32cubeide/plugins/com.st.stm32cube.ide.mcu.externaltools.gnu-tools-for-stm32.10.3-2021.10.win32_1.0.0.202111181127/tools/bin/../lib/gcc/arm-none-eabi/10.3.1/thumb/v6-m/nofp\libgcc.a(lesf2.o)
                0x0000000008000934                __ltsf2
                0x0000000008000934                __lesf2
 .text          0x00000000080009bc      0x24c c:/st/stm32cubeide_1.9.0/stm32cubeide/plugins/com.st.stm32cube.ide.mcu.externaltools.gnu-tools-for-stm32.10.3-2021.10.win32_1.0.0.202111181127/tools/bin/../lib/gcc/arm-none-eabi/10.3.1/thumb/v6-m/nofp\libgcc.a(mulsf3.o)
                0x00000000080009bc                __aeabi_fmul
 .text          0x0000000008000c08      0x35c c:/st/stm32cubeide_1.9.0/stm32cubeide/plugins/com.st.stm32cube.ide.mcu.externaltools.gnu-tools-for-stm32.10.3-2021.10.win32_1.0.0.202111181127/tools/bin/../lib/gcc/arm-none-eabi/10.3.1/thumb/v6-m/nofp\libgcc.a(subsf3.o)
                0x0000000008000c08                __aeabi_fsub
 .text          0x0000000008000f64       0x40 c:/st/stm32cubeide_1.9.0/stm32cubeide/plugins/com.st.stm32cube.ide.mcu.externaltools.gnu-tools-for-stm32.10.3-2021.10.win32_1.0.0.202111181127/tools/bin/../lib/gcc/arm-none-eabi/10.3.1/thumb/v6-m/nofp\libgcc.a(fixsfsi.o)
                0x0000000008000f64                __aeabi_f2iz
 .text          0x0000000008000fa4       0x9c c:/st/stm32cubeide_1.9.0/stm32cubeide/plugins/com.st.stm32cube.ide.mcu.externaltools.gnu-tools-for-stm32.10.3-2021.10.win32_1.0.0.202111181127/tools/bin/../lib/gcc/arm-none-eabi/10.3.1/thumb/v6-m/nofp\libgcc.a(floatsisf.o)
                0x0000000008000fa4                __aeabi_i2f
 .text          0x0000000008001040       0x84 c:/st/stm32cubeide_1.9.0/stm32cubeide/plugins/com.st.stm32cube.ide.mcu.externaltools.gnu-tools-for-stm32.10.3-2021.10.win32_1.0.0.202111181127/tools/bin/../lib/gcc/arm-none-eabi/10.3.1/thumb/v6-m/nofp\libgcc.a(floatunsisf.o)
                0x0000000008001040                __aeabi_ui2f
 .text          0x00000000080010c4      0x4d8 c:/st/stm32cubeide_1.9.0/stm32cubeide/plugins/com.st.stm32cube.ide.mcu.externaltools.gnu-tools-for-stm32.10.3-2021.10.win32_1.0.0.202111181127/tools/bin/../lib/gcc/arm-none-eabi/10.3.1/thumb/v6-m/nofp\libgcc.a(muldf3.o)
                0x00000000080010c4                __aeabi_dmul
 .text          0x000000000800159c       0x6c c:/st/stm32cubeide_1.9.0/stm32cubeide/plugins/com.st.stm32cube.ide.mcu.externaltools.gnu-tools-for-stm32.10.3-2021.10.win32_1.0.0.202111181127/tools/bin/../lib/gcc/arm-none-eabi/10.3.1/thumb/v6-m/nofp\libgcc.a(fixdfsi.o)
                0x000000000800159c                __aeabi_d2iz
 .text          0x0000000008001608       0x90 c:/st/stm32cubeide_1.9.0/stm32cubeide/plugins/com.st.stm32cube.ide.mcu.externaltools.gnu-tools-for-stm32.10.3-2021.10.win32_1.0.0.202111181127/tools/bin/../lib/gcc/arm-none-eabi/10.3.1/thumb/v6-m/nofp\libgcc.a(extendsfdf2.o)
                0x0000000008001608                __aeabi_f2d
 .text          0x0000000008001698       0x3c c:/st/stm32cubeide_1.9.0/stm32cubeide/plugins/com.st.stm32cube.ide.mcu.externaltools.gnu-tools-for-stm32.10.3-2021.10.win32_1.0.0.202111181127/tools/bin/../lib/gcc/arm-none-eabi/10.3.1/thumb/v6-m/nofp\libgcc.a(_clzsi2.o)
                0x0000000008001698                __clzsi2
 *(.text*)
 .text.__NVIC_EnableIRQ
                0x00000000080016d4       0x34 ./Core/Src/main.o
 .text.__NVIC_SetPriority
                0x0000000008001708       0xdc ./Core/Src/main.o
 .text.LL_RCC_HSE_Enable
                0x00000000080017e4       0x1c ./Core/Src/main.o
 .text.LL_RCC_HSE_IsReady
                0x0000000008001800       0x28 ./Core/Src/main.o
 .text.LL_RCC_SetSysClkSource
                0x0000000008001828       0x28 ./Core/Src/main.o
 .text.LL_RCC_GetSysClkSource
                0x0000000008001850       0x18 ./Core/Src/main.o
 .text.LL_RCC_SetAHBPrescaler
                0x0000000008001868       0x28 ./Core/Src/main.o
 .text.LL_RCC_SetAPB1Prescaler
                0x0000000008001890       0x2c ./Core/Src/main.o
 .text.LL_RCC_SetUSARTClockSource
                0x00000000080018bc       0x34 ./Core/Src/main.o
 .text.LL_RCC_PLL_Enable
                0x00000000080018f0       0x1c ./Core/Src/main.o
 .text.LL_RCC_PLL_IsReady
                0x000000000800190c       0x28 ./Core/Src/main.o
 .text.LL_RCC_PLL_ConfigDomain_SYS
                0x0000000008001934       0x4c ./Core/Src/main.o
 .text.LL_AHB1_GRP1_EnableClock
                0x0000000008001980       0x2c ./Core/Src/main.o
 .text.LL_APB1_GRP1_EnableClock
                0x00000000080019ac       0x2c ./Core/Src/main.o
 .text.LL_APB1_GRP2_EnableClock
                0x00000000080019d8       0x2c ./Core/Src/main.o
 .text.LL_FLASH_SetLatency
                0x0000000008001a04       0x28 ./Core/Src/main.o
 .text.LL_FLASH_GetLatency
                0x0000000008001a2c       0x18 ./Core/Src/main.o
 .text.LL_USART_Enable
                0x0000000008001a44       0x1c ./Core/Src/main.o
 .text.LL_USART_ConfigAsyncMode
                0x0000000008001a60       0x30 ./Core/Src/main.o
 .text.LL_USART_IsActiveFlag_RXNE
                0x0000000008001a90       0x22 ./Core/Src/main.o
 .text.LL_USART_IsActiveFlag_TXE
                0x0000000008001ab2       0x22 ./Core/Src/main.o
 .text.LL_USART_ClearFlag_TC
                0x0000000008001ad4       0x16 ./Core/Src/main.o
 .text.LL_USART_EnableIT_RXNE
                0x0000000008001aea       0x3e ./Core/Src/main.o
 .text.LL_USART_DisableIT_CTS
                0x0000000008001b28       0x44 ./Core/Src/main.o
 .text.LL_USART_ReceiveData8
                0x0000000008001b6c       0x18 ./Core/Src/main.o
 .text.LL_USART_TransmitData8
                0x0000000008001b84       0x20 ./Core/Src/main.o
 .text.LL_GPIO_ResetOutputPin
                0x0000000008001ba4       0x18 ./Core/Src/main.o
 .text._ZN3pidC2Ev
                0x0000000008001bbc       0x24 ./Core/Src/main.o
                0x0000000008001bbc                pid::pid()
                0x0000000008001bbc                pid::pid()
 .text._ZN9globalVarC2Ev
                0x0000000008001be0       0x5c ./Core/Src/main.o
                0x0000000008001be0                globalVar::globalVar()
                0x0000000008001be0                globalVar::globalVar()
 .text._ZN8regulPinC2EmPm
                0x0000000008001c3c       0x2a ./Core/Src/main.o
                0x0000000008001c3c                regulPin::regulPin(unsigned long, unsigned long*)
                0x0000000008001c3c                regulPin::regulPin(unsigned long, unsigned long*)
 .text._ZN12programTimer11timerUpdateEv
                0x0000000008001c66       0x52 ./Core/Src/main.o
                0x0000000008001c66                programTimer::timerUpdate()
 .text._ZN12programTimer9timerStopEv
                0x0000000008001cb8       0x16 ./Core/Src/main.o
                0x0000000008001cb8                programTimer::timerStop()
 .text._ZN8uartProt15getResReadyFlagEv
                0x0000000008001cce       0x16 ./Core/Src/main.o
                0x0000000008001cce                uartProt::getResReadyFlag()
 .text._ZN8uartProt11resTransmitEv
                0x0000000008001ce4       0x18 ./Core/Src/main.o
                0x0000000008001ce4                uartProt::resTransmit()
 .text._ZN8uartProt6updateEv
                0x0000000008001cfc       0x18 ./Core/Src/main.o
                0x0000000008001cfc                uartProt::update()
 .text._Z8USART_TXPht
                0x0000000008001d14       0x68 ./Core/Src/main.o
                0x0000000008001d14                USART_TX(unsigned char*, unsigned short)
 .text.main     0x0000000008001d7c       0x64 ./Core/Src/main.o
                0x0000000008001d7c                main
 .text.TIM16_IRQHandler
                0x0000000008001de0       0xd8 ./Core/Src/main.o
                0x0000000008001de0                TIM16_IRQHandler
 .text.USART1_IRQHandler
                0x0000000008001eb8       0x4c ./Core/Src/main.o
                0x0000000008001eb8                USART1_IRQHandler
 .text._Z18SystemClock_Configv
                0x0000000008001f04       0xa4 ./Core/Src/main.o
                0x0000000008001f04                SystemClock_Config()
 .text._ZL13MX_TIM14_Initv
                0x0000000008001fa8       0x50 ./Core/Src/main.o
 .text._ZL13MX_TIM16_Initv
                0x0000000008001ff8       0x58 ./Core/Src/main.o
 .text._ZL19MX_USART1_UART_Initv
                0x0000000008002050      0x114 ./Core/Src/main.o
 .text._ZL12MX_GPIO_Initv
                0x0000000008002164      0x102 ./Core/Src/main.o
 *fill*         0x0000000008002266        0x2 
 .text._Z41__static_initialization_and_destruction_0ii
                0x0000000008002268       0x68 ./Core/Src/main.o
 .text._GLOBAL__sub_I_global_var
                0x00000000080022d0       0x18 ./Core/Src/main.o
 .text.NMI_Handler
                0x00000000080022e8        0x6 ./Core/Src/stm32f0xx_it.o
                0x00000000080022e8                NMI_Handler
 .text.HardFault_Handler
                0x00000000080022ee        0x6 ./Core/Src/stm32f0xx_it.o
                0x00000000080022ee                HardFault_Handler
 .text.SVC_Handler
                0x00000000080022f4        0xa ./Core/Src/stm32f0xx_it.o
                0x00000000080022f4                SVC_Handler
 .text.PendSV_Handler
                0x00000000080022fe        0xa ./Core/Src/stm32f0xx_it.o
                0x00000000080022fe                PendSV_Handler
 .text.SysTick_Handler
                0x0000000008002308        0xa ./Core/Src/stm32f0xx_it.o
                0x0000000008002308                SysTick_Handler
 .text.SystemInit
                0x0000000008002312        0xa ./Core/Src/system_stm32f0xx.o
                0x0000000008002312                SystemInit
 .text.Reset_Handler
                0x000000000800231c       0x50 ./Core/Startup/startup_stm32f030f4px.o
                0x000000000800231c                Reset_Handler
 .text.Default_Handler
                0x000000000800236c        0x2 ./Core/Startup/startup_stm32f030f4px.o
                0x000000000800236c                TIM1_CC_IRQHandler
                0x000000000800236c                I2C1_IRQHandler
                0x000000000800236c                SPI1_IRQHandler
                0x000000000800236c                EXTI2_3_IRQHandler
                0x000000000800236c                ADC1_IRQHandler
                0x000000000800236c                TIM17_IRQHandler
                0x000000000800236c                RTC_IRQHandler
                0x000000000800236c                TIM3_IRQHandler
                0x000000000800236c                EXTI4_15_IRQHandler
                0x000000000800236c                RCC_IRQHandler
                0x000000000800236c                DMA1_Channel1_IRQHandler
                0x000000000800236c                Default_Handler
                0x000000000800236c                TIM14_IRQHandler
                0x000000000800236c                DMA1_Channel4_5_IRQHandler
                0x000000000800236c                EXTI0_1_IRQHandler
                0x000000000800236c                WWDG_IRQHandler
                0x000000000800236c                DMA1_Channel2_3_IRQHandler
                0x000000000800236c                FLASH_IRQHandler
                0x000000000800236c                TIM1_BRK_UP_TRG_COM_IRQHandler
 .text.LL_GPIO_SetPinMode
                0x000000000800236e       0x38 ./Drivers/STM32F0xx_HAL_Driver/Src/stm32f0xx_ll_gpio.o
 .text.LL_GPIO_SetPinOutputType
                0x00000000080023a6       0x2a ./Drivers/STM32F0xx_HAL_Driver/Src/stm32f0xx_ll_gpio.o
 .text.LL_GPIO_SetPinSpeed
                0x00000000080023d0       0x38 ./Drivers/STM32F0xx_HAL_Driver/Src/stm32f0xx_ll_gpio.o
 .text.LL_GPIO_SetPinPull
                0x0000000008002408       0x38 ./Drivers/STM32F0xx_HAL_Driver/Src/stm32f0xx_ll_gpio.o
 .text.LL_GPIO_SetAFPin_0_7
                0x0000000008002440       0x46 ./Drivers/STM32F0xx_HAL_Driver/Src/stm32f0xx_ll_gpio.o
 .text.LL_GPIO_SetAFPin_8_15
                0x0000000008002486       0x5a ./Drivers/STM32F0xx_HAL_Driver/Src/stm32f0xx_ll_gpio.o
 .text.LL_GPIO_Init
                0x00000000080024e0       0xb8 ./Drivers/STM32F0xx_HAL_Driver/Src/stm32f0xx_ll_gpio.o
                0x00000000080024e0                LL_GPIO_Init
 .text.LL_RCC_HSI_IsReady
                0x0000000008002598       0x20 ./Drivers/STM32F0xx_HAL_Driver/Src/stm32f0xx_ll_rcc.o
 .text.LL_RCC_LSE_IsReady
                0x00000000080025b8       0x20 ./Drivers/STM32F0xx_HAL_Driver/Src/stm32f0xx_ll_rcc.o
 .text.LL_RCC_GetSysClkSource
                0x00000000080025d8       0x18 ./Drivers/STM32F0xx_HAL_Driver/Src/stm32f0xx_ll_rcc.o
 .text.LL_RCC_GetAHBPrescaler
                0x00000000080025f0       0x18 ./Drivers/STM32F0xx_HAL_Driver/Src/stm32f0xx_ll_rcc.o
 .text.LL_RCC_GetAPB1Prescaler
                0x0000000008002608       0x18 ./Drivers/STM32F0xx_HAL_Driver/Src/stm32f0xx_ll_rcc.o
 .text.LL_RCC_GetUSARTClockSource
                0x0000000008002620       0x28 ./Drivers/STM32F0xx_HAL_Driver/Src/stm32f0xx_ll_rcc.o
 .text.LL_RCC_PLL_GetMainSource
                0x0000000008002648       0x18 ./Drivers/STM32F0xx_HAL_Driver/Src/stm32f0xx_ll_rcc.o
 .text.LL_RCC_PLL_GetMultiplicator
                0x0000000008002660       0x18 ./Drivers/STM32F0xx_HAL_Driver/Src/stm32f0xx_ll_rcc.o
 .text.LL_RCC_PLL_GetPrediv
                0x0000000008002678       0x18 ./Drivers/STM32F0xx_HAL_Driver/Src/stm32f0xx_ll_rcc.o
 .text.LL_RCC_GetUSARTClockFreq
                0x0000000008002690       0x88 ./Drivers/STM32F0xx_HAL_Driver/Src/stm32f0xx_ll_rcc.o
                0x0000000008002690                LL_RCC_GetUSARTClockFreq
 .text.RCC_GetSystemClockFreq
                0x0000000008002718       0x4c ./Drivers/STM32F0xx_HAL_Driver/Src/stm32f0xx_ll_rcc.o
                0x0000000008002718                RCC_GetSystemClockFreq
 .text.RCC_GetHCLKClockFreq
                0x0000000008002764       0x2c ./Drivers/STM32F0xx_HAL_Driver/Src/stm32f0xx_ll_rcc.o
                0x0000000008002764                RCC_GetHCLKClockFreq
 .text.RCC_GetPCLK1ClockFreq
                0x0000000008002790       0x28 ./Drivers/STM32F0xx_HAL_Driver/Src/stm32f0xx_ll_rcc.o
                0x0000000008002790                RCC_GetPCLK1ClockFreq
 .text.RCC_PLL_GetFreqDomain_SYS
                0x00000000080027b8       0x70 ./Drivers/STM32F0xx_HAL_Driver/Src/stm32f0xx_ll_rcc.o
                0x00000000080027b8                RCC_PLL_GetFreqDomain_SYS
 .text.LL_TIM_SetPrescaler
                0x0000000008002828       0x18 ./Drivers/STM32F0xx_HAL_Driver/Src/stm32f0xx_ll_tim.o
 .text.LL_TIM_SetAutoReload
                0x0000000008002840       0x18 ./Drivers/STM32F0xx_HAL_Driver/Src/stm32f0xx_ll_tim.o
 .text.LL_TIM_SetRepetitionCounter
                0x0000000008002858       0x18 ./Drivers/STM32F0xx_HAL_Driver/Src/stm32f0xx_ll_tim.o
 .text.LL_TIM_OC_SetCompareCH1
                0x0000000008002870       0x18 ./Drivers/STM32F0xx_HAL_Driver/Src/stm32f0xx_ll_tim.o
 .text.LL_TIM_OC_SetCompareCH2
                0x0000000008002888       0x18 ./Drivers/STM32F0xx_HAL_Driver/Src/stm32f0xx_ll_tim.o
 .text.LL_TIM_OC_SetCompareCH3
                0x00000000080028a0       0x18 ./Drivers/STM32F0xx_HAL_Driver/Src/stm32f0xx_ll_tim.o
 .text.LL_TIM_OC_SetCompareCH4
                0x00000000080028b8       0x18 ./Drivers/STM32F0xx_HAL_Driver/Src/stm32f0xx_ll_tim.o
 .text.LL_TIM_GenerateEvent_UPDATE
                0x00000000080028d0       0x1c ./Drivers/STM32F0xx_HAL_Driver/Src/stm32f0xx_ll_tim.o
 .text.LL_TIM_Init
                0x00000000080028ec       0xdc ./Drivers/STM32F0xx_HAL_Driver/Src/stm32f0xx_ll_tim.o
                0x00000000080028ec                LL_TIM_Init
 .text.LL_TIM_OC_Init
                0x00000000080029c8       0xb2 ./Drivers/STM32F0xx_HAL_Driver/Src/stm32f0xx_ll_tim.o
                0x00000000080029c8                LL_TIM_OC_Init
 *fill*         0x0000000008002a7a        0x2 
 .text.OC1Config
                0x0000000008002a7c       0xfc ./Drivers/STM32F0xx_HAL_Driver/Src/stm32f0xx_ll_tim.o
 .text.OC2Config
                0x0000000008002b78      0x108 ./Drivers/STM32F0xx_HAL_Driver/Src/stm32f0xx_ll_tim.o
 .text.OC3Config
                0x0000000008002c80      0x108 ./Drivers/STM32F0xx_HAL_Driver/Src/stm32f0xx_ll_tim.o
 .text.OC4Config
                0x0000000008002d88       0xd4 ./Drivers/STM32F0xx_HAL_Driver/Src/stm32f0xx_ll_tim.o
 .text.LL_USART_IsEnabled
                0x0000000008002e5c       0x22 ./Drivers/STM32F0xx_HAL_Driver/Src/stm32f0xx_ll_usart.o
 *fill*         0x0000000008002e7e        0x2 
 .text.LL_USART_SetStopBitsLength
                0x0000000008002e80       0x28 ./Drivers/STM32F0xx_HAL_Driver/Src/stm32f0xx_ll_usart.o
 .text.LL_USART_SetHWFlowCtrl
                0x0000000008002ea8       0x28 ./Drivers/STM32F0xx_HAL_Driver/Src/stm32f0xx_ll_usart.o
 .text.LL_USART_SetBaudRate
                0x0000000008002ed0       0x78 ./Drivers/STM32F0xx_HAL_Driver/Src/stm32f0xx_ll_usart.o
 .text.LL_USART_Init
                0x0000000008002f48       0xb0 ./Drivers/STM32F0xx_HAL_Driver/Src/stm32f0xx_ll_usart.o
                0x0000000008002f48                LL_USART_Init
 .text.LL_InitTick
                0x0000000008002ff8       0x34 ./Drivers/STM32F0xx_HAL_Driver/Src/stm32f0xx_ll_utils.o
 .text.LL_Init1msTick
                0x000000000800302c       0x1e ./Drivers/STM32F0xx_HAL_Driver/Src/stm32f0xx_ll_utils.o
                0x000000000800302c                LL_Init1msTick
 *fill*         0x000000000800304a        0x2 
 .text.LL_SetSystemCoreClock
                0x000000000800304c       0x1c ./Drivers/STM32F0xx_HAL_Driver/Src/stm32f0xx_ll_utils.o
                0x000000000800304c                LL_SetSystemCoreClock
 .text._ZL10DelayMicrom
                0x0000000008003068       0x40 ./ds18b20/ds18b20.o
 .text._ZN7ds18b205ResetEv
                0x00000000080030a8       0x6a ./ds18b20/ds18b20.o
                0x00000000080030a8                ds18b20::Reset()
 .text._ZN7ds18b207ReadBitEv
                0x0000000008003112       0x66 ./ds18b20/ds18b20.o
                0x0000000008003112                ds18b20::ReadBit()
 .text._ZN7ds18b208ReadByteEv
                0x0000000008003178       0x60 ./ds18b20/ds18b20.o
                0x0000000008003178                ds18b20::ReadByte()
 .text._ZN7ds18b208WriteBitEh
                0x00000000080031d8       0x5e ./ds18b20/ds18b20.o
                0x00000000080031d8                ds18b20::WriteBit(unsigned char)
 .text._ZN7ds18b209WriteByteEh
                0x0000000008003236       0x58 ./ds18b20/ds18b20.o
                0x0000000008003236                ds18b20::WriteByte(unsigned char)
 .text._ZN7ds18b204initE7skipRom
                0x000000000800328e       0x64 ./ds18b20/ds18b20.o
                0x000000000800328e                ds18b20::init(skipRom)
 .text._ZN7ds18b2016MeasureTemperCmdE7skipRomh
                0x00000000080032f2       0x38 ./ds18b20/ds18b20.o
                0x00000000080032f2                ds18b20::MeasureTemperCmd(skipRom, unsigned char)
 .text._ZN7ds18b2013ReadStratcpadE7skipRomPhh
                0x000000000800332a       0x6e ./ds18b20/ds18b20.o
                0x000000000800332a                ds18b20::ReadStratcpad(skipRom, unsigned char*, unsigned char)
 .text._ZN7ds18b207ConvertEt
                0x0000000008003398       0x58 ./ds18b20/ds18b20.o
                0x0000000008003398                ds18b20::Convert(unsigned short)
 .text._ZN7ds18b20C2Ev
                0x00000000080033f0       0x12 ./ds18b20/ds18b20.o
                0x00000000080033f0                ds18b20::ds18b20()
                0x00000000080033f0                ds18b20::ds18b20()
 .text._ZN3pid12calculatePidEbff
                0x0000000008003402      0x118 ./out_pin_with_pwm/regul_pin.o
                0x0000000008003402                pid::calculatePid(bool, float, float)
 .text.LL_TIM_DisableARRPreload
                0x000000000800351a       0x1e ./out_pin_with_pwm/regul_pin.o
 .text.LL_TIM_OC_DisableFast
                0x0000000008003538       0x94 ./out_pin_with_pwm/regul_pin.o
 .text.LL_TIM_OC_EnablePreload
                0x00000000080035cc       0x90 ./out_pin_with_pwm/regul_pin.o
 .text._ZN8regulPin8regulateEff
                0x000000000800365c       0x9c ./out_pin_with_pwm/regul_pin.o
                0x000000000800365c                regulPin::regulate(float, float)
 .text._ZN8regulPin8regulateEf
                0x00000000080036f8       0x98 ./out_pin_with_pwm/regul_pin.o
                0x00000000080036f8                regulPin::regulate(float)
 .text._ZN8regulPin7pwmInitEmm
                0x0000000008003790      0x118 ./out_pin_with_pwm/regul_pin.o
                0x0000000008003790                regulPin::pwmInit(unsigned long, unsigned long)
 .text._ZN12programTimer14timer_callbackEv
                0x00000000080038a8       0x10 ./uart_prot/uart_prot.o
                0x00000000080038a8                programTimer::timer_callback()
 .text._ZN12programTimerC2Ev
                0x00000000080038b8       0x30 ./uart_prot/uart_prot.o
                0x00000000080038b8                programTimer::programTimer()
                0x00000000080038b8                programTimer::programTimer()
 .text._ZN12programTimer9timerInitEmm
                0x00000000080038e8       0x2c ./uart_prot/uart_prot.o
                0x00000000080038e8                programTimer::timerInit(unsigned long, unsigned long)
 .text._ZN12programTimer10timerStartEv
                0x0000000008003914       0x1c ./uart_prot/uart_prot.o
                0x0000000008003914                programTimer::timerStart()
 .text._ZN8uartProt14timer_callbackEv
                0x0000000008003930       0x28 ./uart_prot/uart_prot.o
                0x0000000008003930                uartProt::timer_callback()
 .text._ZN8uartProtC2EP9globalVarm
                0x0000000008003958       0x9c ./uart_prot/uart_prot.o
                0x0000000008003958                uartProt::uartProt(globalVar*, unsigned long)
                0x0000000008003958                uartProt::uartProt(globalVar*, unsigned long)
 .text._Z3powmh
                0x00000000080039f4       0x52 ./uart_prot/uart_prot.o
                0x00000000080039f4                pow(unsigned long, unsigned char)
 *fill*         0x0000000008003a46        0x2 
 .text._ZN8uartProt13stringToFloatEhh
                0x0000000008003a48      0x1c4 ./uart_prot/uart_prot.o
                0x0000000008003a48                uartProt::stringToFloat(unsigned char, unsigned char)
 .text._ZN8uartProt11parseErrorsEv
                0x0000000008003c0c       0x10 ./uart_prot/uart_prot.o
                0x0000000008003c0c                uartProt::parseErrors()
 .text._ZN8uartProt5okResEv
                0x0000000008003c1c       0x40 ./uart_prot/uart_prot.o
                0x0000000008003c1c                uartProt::okRes()
 .text._ZN8uartProt5parseEv
                0x0000000008003c5c      0x128 ./uart_prot/uart_prot.o
                0x0000000008003c5c                uartProt::parse()
 .text._ZN8uartProt10rxCallbackEh
                0x0000000008003d84       0x3a ./uart_prot/uart_prot.o
                0x0000000008003d84                uartProt::rxCallback(unsigned char)
 *fill*         0x0000000008003dbe        0x2 
 .text.__libc_init_array
                0x0000000008003dc0       0x48 c:/st/stm32cubeide_1.9.0/stm32cubeide/plugins/com.st.stm32cube.ide.mcu.externaltools.gnu-tools-for-stm32.10.3-2021.10.win32_1.0.0.202111181127/tools/bin/../lib/gcc/arm-none-eabi/10.3.1/../../../../arm-none-eabi/lib/thumb/v6-m/nofp\libc_nano.a(lib_a-init.o)
                0x0000000008003dc0                __libc_init_array
 .text.memset   0x0000000008003e08       0x10 c:/st/stm32cubeide_1.9.0/stm32cubeide/plugins/com.st.stm32cube.ide.mcu.externaltools.gnu-tools-for-stm32.10.3-2021.10.win32_1.0.0.202111181127/tools/bin/../lib/gcc/arm-none-eabi/10.3.1/../../../../arm-none-eabi/lib/thumb/v6-m/nofp\libc_nano.a(lib_a-memset.o)
                0x0000000008003e08                memset
 *(.glue_7)
 .glue_7        0x0000000008003e18        0x0 linker stubs
 *(.glue_7t)
 .glue_7t       0x0000000008003e18        0x0 linker stubs
 *(.eh_frame)
 .eh_frame      0x0000000008003e18        0x0 c:/st/stm32cubeide_1.9.0/stm32cubeide/plugins/com.st.stm32cube.ide.mcu.externaltools.gnu-tools-for-stm32.10.3-2021.10.win32_1.0.0.202111181127/tools/bin/../lib/gcc/arm-none-eabi/10.3.1/thumb/v6-m/nofp/crtbegin.o
 *(.init)
 .init          0x0000000008003e18        0x4 c:/st/stm32cubeide_1.9.0/stm32cubeide/plugins/com.st.stm32cube.ide.mcu.externaltools.gnu-tools-for-stm32.10.3-2021.10.win32_1.0.0.202111181127/tools/bin/../lib/gcc/arm-none-eabi/10.3.1/thumb/v6-m/nofp/crti.o
                0x0000000008003e18                _init
 .init          0x0000000008003e1c        0x8 c:/st/stm32cubeide_1.9.0/stm32cubeide/plugins/com.st.stm32cube.ide.mcu.externaltools.gnu-tools-for-stm32.10.3-2021.10.win32_1.0.0.202111181127/tools/bin/../lib/gcc/arm-none-eabi/10.3.1/thumb/v6-m/nofp/crtn.o
 *(.fini)
 .fini          0x0000000008003e24        0x4 c:/st/stm32cubeide_1.9.0/stm32cubeide/plugins/com.st.stm32cube.ide.mcu.externaltools.gnu-tools-for-stm32.10.3-2021.10.win32_1.0.0.202111181127/tools/bin/../lib/gcc/arm-none-eabi/10.3.1/thumb/v6-m/nofp/crti.o
                0x0000000008003e24                _fini
 .fini          0x0000000008003e28        0x8 c:/st/stm32cubeide_1.9.0/stm32cubeide/plugins/com.st.stm32cube.ide.mcu.externaltools.gnu-tools-for-stm32.10.3-2021.10.win32_1.0.0.202111181127/tools/bin/../lib/gcc/arm-none-eabi/10.3.1/thumb/v6-m/nofp/crtn.o
                0x0000000008003e30                . = ALIGN (0x4)
                0x0000000008003e30                _etext = .

.vfp11_veneer   0x0000000008003e30        0x0
 .vfp11_veneer  0x0000000008003e30        0x0 linker stubs

.v4_bx          0x0000000008003e30        0x0
 .v4_bx         0x0000000008003e30        0x0 linker stubs

.iplt           0x0000000008003e30        0x0
 .iplt          0x0000000008003e30        0x0 c:/st/stm32cubeide_1.9.0/stm32cubeide/plugins/com.st.stm32cube.ide.mcu.externaltools.gnu-tools-for-stm32.10.3-2021.10.win32_1.0.0.202111181127/tools/bin/../lib/gcc/arm-none-eabi/10.3.1/thumb/v6-m/nofp/crtbegin.o

.rodata         0x0000000008003e30      0x19c
                0x0000000008003e30                . = ALIGN (0x4)
 *(.rodata)
 .rodata        0x0000000008003e30       0x80 c:/st/stm32cubeide_1.9.0/stm32cubeide/plugins/com.st.stm32cube.ide.mcu.externaltools.gnu-tools-for-stm32.10.3-2021.10.win32_1.0.0.202111181127/tools/bin/../lib/gcc/arm-none-eabi/10.3.1/thumb/v6-m/nofp\libgcc.a(divsf3.o)
 .rodata        0x0000000008003eb0       0x40 c:/st/stm32cubeide_1.9.0/stm32cubeide/plugins/com.st.stm32cube.ide.mcu.externaltools.gnu-tools-for-stm32.10.3-2021.10.win32_1.0.0.202111181127/tools/bin/../lib/gcc/arm-none-eabi/10.3.1/thumb/v6-m/nofp\libgcc.a(mulsf3.o)
 .rodata        0x0000000008003ef0       0x40 c:/st/stm32cubeide_1.9.0/stm32cubeide/plugins/com.st.stm32cube.ide.mcu.externaltools.gnu-tools-for-stm32.10.3-2021.10.win32_1.0.0.202111181127/tools/bin/../lib/gcc/arm-none-eabi/10.3.1/thumb/v6-m/nofp\libgcc.a(muldf3.o)
 *(.rodata*)
 .rodata.AHBPrescTable
                0x0000000008003f30       0x10 ./Core/Src/system_stm32f0xx.o
                0x0000000008003f30                AHBPrescTable
 .rodata.APBPrescTable
                0x0000000008003f40        0x8 ./Core/Src/system_stm32f0xx.o
                0x0000000008003f40                APBPrescTable
 .rodata._ZL16OFFSET_TAB_CCMRx
                0x0000000008003f48        0x7 ./out_pin_with_pwm/regul_pin.o
 *fill*         0x0000000008003f4f        0x1 
 .rodata._ZL14SHIFT_TAB_OCxx
                0x0000000008003f50        0x7 ./out_pin_with_pwm/regul_pin.o
 *fill*         0x0000000008003f57        0x1 
 .rodata._ZN8uartProt5parseEv
                0x0000000008003f58       0x5c ./uart_prot/uart_prot.o
 .rodata._ZTV8uartProt
                0x0000000008003fb4        0xc ./uart_prot/uart_prot.o
                0x0000000008003fb4                vtable for uartProt
 .rodata._ZTV12programTimer
                0x0000000008003fc0        0xc ./uart_prot/uart_prot.o
                0x0000000008003fc0                vtable for programTimer
                0x0000000008003fcc                . = ALIGN (0x4)

.rel.dyn        0x0000000008003fcc        0x0
 .rel.iplt      0x0000000008003fcc        0x0 c:/st/stm32cubeide_1.9.0/stm32cubeide/plugins/com.st.stm32cube.ide.mcu.externaltools.gnu-tools-for-stm32.10.3-2021.10.win32_1.0.0.202111181127/tools/bin/../lib/gcc/arm-none-eabi/10.3.1/thumb/v6-m/nofp/crtbegin.o

.ARM.extab      0x0000000008003fcc        0x0
                0x0000000008003fcc                . = ALIGN (0x4)
 *(.ARM.extab* .gnu.linkonce.armextab.*)
                0x0000000008003fcc                . = ALIGN (0x4)

.ARM            0x0000000008003fcc        0x0
                0x0000000008003fcc                . = ALIGN (0x4)
                0x0000000008003fcc                __exidx_start = .
 *(.ARM.exidx*)
                0x0000000008003fcc                __exidx_end = .
                0x0000000008003fcc                . = ALIGN (0x4)

.preinit_array  0x0000000008003fcc        0x0
                0x0000000008003fcc                . = ALIGN (0x4)
                0x0000000008003fcc                PROVIDE (__preinit_array_start = .)
 *(.preinit_array*)
                0x0000000008003fcc                PROVIDE (__preinit_array_end = .)
                0x0000000008003fcc                . = ALIGN (0x4)

.init_array     0x0000000008003fcc        0x8
                0x0000000008003fcc                . = ALIGN (0x4)
                0x0000000008003fcc                PROVIDE (__init_array_start = .)
 *(SORT_BY_NAME(.init_array.*))
 *(.init_array*)
 .init_array    0x0000000008003fcc        0x4 c:/st/stm32cubeide_1.9.0/stm32cubeide/plugins/com.st.stm32cube.ide.mcu.externaltools.gnu-tools-for-stm32.10.3-2021.10.win32_1.0.0.202111181127/tools/bin/../lib/gcc/arm-none-eabi/10.3.1/thumb/v6-m/nofp/crtbegin.o
 .init_array    0x0000000008003fd0        0x4 ./Core/Src/main.o
                0x0000000008003fd4                PROVIDE (__init_array_end = .)
                0x0000000008003fd4                . = ALIGN (0x4)

.fini_array     0x0000000008003fd4        0x4
                0x0000000008003fd4                . = ALIGN (0x4)
                [!provide]                        PROVIDE (__fini_array_start = .)
 *(SORT_BY_NAME(.fini_array.*))
 *(.fini_array*)
 .fini_array    0x0000000008003fd4        0x4 c:/st/stm32cubeide_1.9.0/stm32cubeide/plugins/com.st.stm32cube.ide.mcu.externaltools.gnu-tools-for-stm32.10.3-2021.10.win32_1.0.0.202111181127/tools/bin/../lib/gcc/arm-none-eabi/10.3.1/thumb/v6-m/nofp/crtbegin.o
                [!provide]                        PROVIDE (__fini_array_end = .)
                0x0000000008003fd8                . = ALIGN (0x4)
                0x0000000008003fd8                _sidata = LOADADDR (.data)

.data           0x0000000020000000        0x4 load address 0x0000000008003fd8
                0x0000000020000000                . = ALIGN (0x4)
                0x0000000020000000                _sdata = .
 *(.data)
 *(.data*)
 .data.SystemCoreClock
                0x0000000020000000        0x4 ./Core/Src/system_stm32f0xx.o
                0x0000000020000000                SystemCoreClock
 *(.RamFunc)
 *(.RamFunc*)
                0x0000000020000004                . = ALIGN (0x4)
                0x0000000020000004                _edata = .

.igot.plt       0x0000000020000004        0x0 load address 0x0000000008003fdc
 .igot.plt      0x0000000020000004        0x0 c:/st/stm32cubeide_1.9.0/stm32cubeide/plugins/com.st.stm32cube.ide.mcu.externaltools.gnu-tools-for-stm32.10.3-2021.10.win32_1.0.0.202111181127/tools/bin/../lib/gcc/arm-none-eabi/10.3.1/thumb/v6-m/nofp/crtbegin.o
                0x0000000020000004                . = ALIGN (0x4)

.bss            0x0000000020000004      0x178 load address 0x0000000008003fdc
                0x0000000020000004                _sbss = .
                0x0000000020000004                __bss_start__ = _sbss
 *(.bss)
 .bss           0x0000000020000004       0x1c c:/st/stm32cubeide_1.9.0/stm32cubeide/plugins/com.st.stm32cube.ide.mcu.externaltools.gnu-tools-for-stm32.10.3-2021.10.win32_1.0.0.202111181127/tools/bin/../lib/gcc/arm-none-eabi/10.3.1/thumb/v6-m/nofp/crtbegin.o
 *(.bss*)
 .bss.global_var
                0x0000000020000020       0x30 ./Core/Src/main.o
                0x0000000020000020                global_var
 .bss.term_reg  0x0000000020000050       0x34 ./Core/Src/main.o
                0x0000000020000050                term_reg
 .bss.uart_protocol
                0x0000000020000084       0xe8 ./Core/Src/main.o
                0x0000000020000084                uart_protocol
 .bss.temp_sensor
                0x000000002000016c        0x1 ./Core/Src/main.o
                0x000000002000016c                temp_sensor
 *fill*         0x000000002000016d        0x3 
 .bss.dt        0x0000000020000170        0x8 ./Core/Src/main.o
                0x0000000020000170                dt
 .bss.raw_temper
                0x0000000020000178        0x2 ./Core/Src/main.o
                0x0000000020000178                raw_temper
 *(COMMON)
                0x000000002000017c                . = ALIGN (0x4)
 *fill*         0x000000002000017a        0x2 
                0x000000002000017c                _ebss = .
                0x000000002000017c                __bss_end__ = _ebss

._user_heap_stack
                0x000000002000017c      0x604 load address 0x0000000008003fdc
                0x0000000020000180                . = ALIGN (0x8)
 *fill*         0x000000002000017c        0x4 
                [!provide]                        PROVIDE (end = .)
                0x0000000020000180                PROVIDE (_end = .)
                0x0000000020000380                . = (. + _Min_Heap_Size)
 *fill*         0x0000000020000180      0x200 
                0x0000000020000780                . = (. + _Min_Stack_Size)
 *fill*         0x0000000020000380      0x400 
                0x0000000020000780                . = ALIGN (0x8)

/DISCARD/
 libc.a(*)
 libm.a(*)
 libgcc.a(*)

.ARM.attributes
                0x0000000000000000       0x28
 *(.ARM.attributes)
 .ARM.attributes
                0x0000000000000000       0x1e c:/st/stm32cubeide_1.9.0/stm32cubeide/plugins/com.st.stm32cube.ide.mcu.externaltools.gnu-tools-for-stm32.10.3-2021.10.win32_1.0.0.202111181127/tools/bin/../lib/gcc/arm-none-eabi/10.3.1/thumb/v6-m/nofp/crti.o
 .ARM.attributes
                0x000000000000001e       0x2c c:/st/stm32cubeide_1.9.0/stm32cubeide/plugins/com.st.stm32cube.ide.mcu.externaltools.gnu-tools-for-stm32.10.3-2021.10.win32_1.0.0.202111181127/tools/bin/../lib/gcc/arm-none-eabi/10.3.1/thumb/v6-m/nofp/crtbegin.o
 .ARM.attributes
                0x000000000000004a       0x2c ./Core/Src/main.o
 .ARM.attributes
                0x0000000000000076       0x2c ./Core/Src/stm32f0xx_it.o
 .ARM.attributes
                0x00000000000000a2       0x2c ./Core/Src/system_stm32f0xx.o
 .ARM.attributes
                0x00000000000000ce       0x21 ./Core/Startup/startup_stm32f030f4px.o
 .ARM.attributes
                0x00000000000000ef       0x2c ./Drivers/STM32F0xx_HAL_Driver/Src/stm32f0xx_ll_gpio.o
 .ARM.attributes
                0x000000000000011b       0x2c ./Drivers/STM32F0xx_HAL_Driver/Src/stm32f0xx_ll_rcc.o
 .ARM.attributes
                0x0000000000000147       0x2c ./Drivers/STM32F0xx_HAL_Driver/Src/stm32f0xx_ll_tim.o
 .ARM.attributes
                0x0000000000000173       0x2c ./Drivers/STM32F0xx_HAL_Driver/Src/stm32f0xx_ll_usart.o
 .ARM.attributes
                0x000000000000019f       0x2c ./Drivers/STM32F0xx_HAL_Driver/Src/stm32f0xx_ll_utils.o
 .ARM.attributes
                0x00000000000001cb       0x2c ./ds18b20/ds18b20.o
 .ARM.attributes
                0x00000000000001f7       0x2c ./out_pin_with_pwm/regul_pin.o
 .ARM.attributes
                0x0000000000000223       0x2c ./uart_prot/uart_prot.o
 .ARM.attributes
                0x000000000000024f       0x2c c:/st/stm32cubeide_1.9.0/stm32cubeide/plugins/com.st.stm32cube.ide.mcu.externaltools.gnu-tools-for-stm32.10.3-2021.10.win32_1.0.0.202111181127/tools/bin/../lib/gcc/arm-none-eabi/10.3.1/../../../../arm-none-eabi/lib/thumb/v6-m/nofp\libc_nano.a(lib_a-init.o)
 .ARM.attributes
                0x000000000000027b       0x2c c:/st/stm32cubeide_1.9.0/stm32cubeide/plugins/com.st.stm32cube.ide.mcu.externaltools.gnu-tools-for-stm32.10.3-2021.10.win32_1.0.0.202111181127/tools/bin/../lib/gcc/arm-none-eabi/10.3.1/../../../../arm-none-eabi/lib/thumb/v6-m/nofp\libc_nano.a(lib_a-memset.o)
 .ARM.attributes
                0x00000000000002a7       0x1e c:/st/stm32cubeide_1.9.0/stm32cubeide/plugins/com.st.stm32cube.ide.mcu.externaltools.gnu-tools-for-stm32.10.3-2021.10.win32_1.0.0.202111181127/tools/bin/../lib/gcc/arm-none-eabi/10.3.1/thumb/v6-m/nofp\libgcc.a(_udivsi3.o)
 .ARM.attributes
                0x00000000000002c5       0x1e c:/st/stm32cubeide_1.9.0/stm32cubeide/plugins/com.st.stm32cube.ide.mcu.externaltools.gnu-tools-for-stm32.10.3-2021.10.win32_1.0.0.202111181127/tools/bin/../lib/gcc/arm-none-eabi/10.3.1/thumb/v6-m/nofp\libgcc.a(_dvmd_tls.o)
 .ARM.attributes
                0x00000000000002e3       0x1e c:/st/stm32cubeide_1.9.0/stm32cubeide/plugins/com.st.stm32cube.ide.mcu.externaltools.gnu-tools-for-stm32.10.3-2021.10.win32_1.0.0.202111181127/tools/bin/../lib/gcc/arm-none-eabi/10.3.1/thumb/v6-m/nofp\libgcc.a(_arm_cmpsf2.o)
 .ARM.attributes
                0x0000000000000301       0x2c c:/st/stm32cubeide_1.9.0/stm32cubeide/plugins/com.st.stm32cube.ide.mcu.externaltools.gnu-tools-for-stm32.10.3-2021.10.win32_1.0.0.202111181127/tools/bin/../lib/gcc/arm-none-eabi/10.3.1/thumb/v6-m/nofp\libgcc.a(_muldi3.o)
 .ARM.attributes
                0x000000000000032d       0x2c c:/st/stm32cubeide_1.9.0/stm32cubeide/plugins/com.st.stm32cube.ide.mcu.externaltools.gnu-tools-for-stm32.10.3-2021.10.win32_1.0.0.202111181127/tools/bin/../lib/gcc/arm-none-eabi/10.3.1/thumb/v6-m/nofp\libgcc.a(addsf3.o)
 .ARM.attributes
                0x0000000000000359       0x2c c:/st/stm32cubeide_1.9.0/stm32cubeide/plugins/com.st.stm32cube.ide.mcu.externaltools.gnu-tools-for-stm32.10.3-2021.10.win32_1.0.0.202111181127/tools/bin/../lib/gcc/arm-none-eabi/10.3.1/thumb/v6-m/nofp\libgcc.a(divsf3.o)
 .ARM.attributes
                0x0000000000000385       0x2c c:/st/stm32cubeide_1.9.0/stm32cubeide/plugins/com.st.stm32cube.ide.mcu.externaltools.gnu-tools-for-stm32.10.3-2021.10.win32_1.0.0.202111181127/tools/bin/../lib/gcc/arm-none-eabi/10.3.1/thumb/v6-m/nofp\libgcc.a(eqsf2.o)
 .ARM.attributes
                0x00000000000003b1       0x2c c:/st/stm32cubeide_1.9.0/stm32cubeide/plugins/com.st.stm32cube.ide.mcu.externaltools.gnu-tools-for-stm32.10.3-2021.10.win32_1.0.0.202111181127/tools/bin/../lib/gcc/arm-none-eabi/10.3.1/thumb/v6-m/nofp\libgcc.a(gesf2.o)
 .ARM.attributes
                0x00000000000003dd       0x2c c:/st/stm32cubeide_1.9.0/stm32cubeide/plugins/com.st.stm32cube.ide.mcu.externaltools.gnu-tools-for-stm32.10.3-2021.10.win32_1.0.0.202111181127/tools/bin/../lib/gcc/arm-none-eabi/10.3.1/thumb/v6-m/nofp\libgcc.a(lesf2.o)
 .ARM.attributes
                0x0000000000000409       0x2c c:/st/stm32cubeide_1.9.0/stm32cubeide/plugins/com.st.stm32cube.ide.mcu.externaltools.gnu-tools-for-stm32.10.3-2021.10.win32_1.0.0.202111181127/tools/bin/../lib/gcc/arm-none-eabi/10.3.1/thumb/v6-m/nofp\libgcc.a(mulsf3.o)
 .ARM.attributes
                0x0000000000000435       0x2c c:/st/stm32cubeide_1.9.0/stm32cubeide/plugins/com.st.stm32cube.ide.mcu.externaltools.gnu-tools-for-stm32.10.3-2021.10.win32_1.0.0.202111181127/tools/bin/../lib/gcc/arm-none-eabi/10.3.1/thumb/v6-m/nofp\libgcc.a(subsf3.o)
 .ARM.attributes
                0x0000000000000461       0x2c c:/st/stm32cubeide_1.9.0/stm32cubeide/plugins/com.st.stm32cube.ide.mcu.externaltools.gnu-tools-for-stm32.10.3-2021.10.win32_1.0.0.202111181127/tools/bin/../lib/gcc/arm-none-eabi/10.3.1/thumb/v6-m/nofp\libgcc.a(fixsfsi.o)
 .ARM.attributes
                0x000000000000048d       0x2c c:/st/stm32cubeide_1.9.0/stm32cubeide/plugins/com.st.stm32cube.ide.mcu.externaltools.gnu-tools-for-stm32.10.3-2021.10.win32_1.0.0.202111181127/tools/bin/../lib/gcc/arm-none-eabi/10.3.1/thumb/v6-m/nofp\libgcc.a(floatsisf.o)
 .ARM.attributes
                0x00000000000004b9       0x2c c:/st/stm32cubeide_1.9.0/stm32cubeide/plugins/com.st.stm32cube.ide.mcu.externaltools.gnu-tools-for-stm32.10.3-2021.10.win32_1.0.0.202111181127/tools/bin/../lib/gcc/arm-none-eabi/10.3.1/thumb/v6-m/nofp\libgcc.a(floatunsisf.o)
 .ARM.attributes
                0x00000000000004e5       0x2c c:/st/stm32cubeide_1.9.0/stm32cubeide/plugins/com.st.stm32cube.ide.mcu.externaltools.gnu-tools-for-stm32.10.3-2021.10.win32_1.0.0.202111181127/tools/bin/../lib/gcc/arm-none-eabi/10.3.1/thumb/v6-m/nofp\libgcc.a(muldf3.o)
 .ARM.attributes
                0x0000000000000511       0x2c c:/st/stm32cubeide_1.9.0/stm32cubeide/plugins/com.st.stm32cube.ide.mcu.externaltools.gnu-tools-for-stm32.10.3-2021.10.win32_1.0.0.202111181127/tools/bin/../lib/gcc/arm-none-eabi/10.3.1/thumb/v6-m/nofp\libgcc.a(fixdfsi.o)
 .ARM.attributes
                0x000000000000053d       0x2c c:/st/stm32cubeide_1.9.0/stm32cubeide/plugins/com.st.stm32cube.ide.mcu.externaltools.gnu-tools-for-stm32.10.3-2021.10.win32_1.0.0.202111181127/tools/bin/../lib/gcc/arm-none-eabi/10.3.1/thumb/v6-m/nofp\libgcc.a(extendsfdf2.o)
 .ARM.attributes
                0x0000000000000569       0x1e c:/st/stm32cubeide_1.9.0/stm32cubeide/plugins/com.st.stm32cube.ide.mcu.externaltools.gnu-tools-for-stm32.10.3-2021.10.win32_1.0.0.202111181127/tools/bin/../lib/gcc/arm-none-eabi/10.3.1/thumb/v6-m/nofp\libgcc.a(_clzsi2.o)
 .ARM.attributes
                0x0000000000000587       0x1e c:/st/stm32cubeide_1.9.0/stm32cubeide/plugins/com.st.stm32cube.ide.mcu.externaltools.gnu-tools-for-stm32.10.3-2021.10.win32_1.0.0.202111181127/tools/bin/../lib/gcc/arm-none-eabi/10.3.1/thumb/v6-m/nofp/crtn.o
OUTPUT(termo_controller_v1.elf elf32-littlearm)
LOAD linker stubs
LOAD c:/st/stm32cubeide_1.9.0/stm32cubeide/plugins/com.st.stm32cube.ide.mcu.externaltools.gnu-tools-for-stm32.10.3-2021.10.win32_1.0.0.202111181127/tools/bin/../lib/gcc/arm-none-eabi/10.3.1/../../../../arm-none-eabi/lib/thumb/v6-m/nofp\libc.a
LOAD c:/st/stm32cubeide_1.9.0/stm32cubeide/plugins/com.st.stm32cube.ide.mcu.externaltools.gnu-tools-for-stm32.10.3-2021.10.win32_1.0.0.202111181127/tools/bin/../lib/gcc/arm-none-eabi/10.3.1/../../../../arm-none-eabi/lib/thumb/v6-m/nofp\libm.a
LOAD c:/st/stm32cubeide_1.9.0/stm32cubeide/plugins/com.st.stm32cube.ide.mcu.externaltools.gnu-tools-for-stm32.10.3-2021.10.win32_1.0.0.202111181127/tools/bin/../lib/gcc/arm-none-eabi/10.3.1/thumb/v6-m/nofp\libgcc.a

.debug_info     0x0000000000000000     0x760c
 .debug_info    0x0000000000000000     0x21f3 ./Core/Src/main.o
 .debug_info    0x00000000000021f3      0x17d ./Core/Src/stm32f0xx_it.o
 .debug_info    0x0000000000002370      0x262 ./Core/Src/system_stm32f0xx.o
 .debug_info    0x00000000000025d2       0x22 ./Core/Startup/startup_stm32f030f4px.o
 .debug_info    0x00000000000025f4      0x55e ./Drivers/STM32F0xx_HAL_Driver/Src/stm32f0xx_ll_gpio.o
 .debug_info    0x0000000000002b52      0x58c ./Drivers/STM32F0xx_HAL_Driver/Src/stm32f0xx_ll_rcc.o
 .debug_info    0x00000000000030de      0xe97 ./Drivers/STM32F0xx_HAL_Driver/Src/stm32f0xx_ll_tim.o
 .debug_info    0x0000000000003f75      0x612 ./Drivers/STM32F0xx_HAL_Driver/Src/stm32f0xx_ll_usart.o
 .debug_info    0x0000000000004587      0x7ab ./Drivers/STM32F0xx_HAL_Driver/Src/stm32f0xx_ll_utils.o
 .debug_info    0x0000000000004d32      0xe96 ./ds18b20/ds18b20.o
 .debug_info    0x0000000000005bc8      0x935 ./out_pin_with_pwm/regul_pin.o
 .debug_info    0x00000000000064fd     0x110f ./uart_prot/uart_prot.o

.debug_abbrev   0x0000000000000000     0x1cf1
 .debug_abbrev  0x0000000000000000      0x721 ./Core/Src/main.o
 .debug_abbrev  0x0000000000000721       0x80 ./Core/Src/stm32f0xx_it.o
 .debug_abbrev  0x00000000000007a1      0x116 ./Core/Src/system_stm32f0xx.o
 .debug_abbrev  0x00000000000008b7       0x12 ./Core/Startup/startup_stm32f030f4px.o
 .debug_abbrev  0x00000000000008c9      0x19b ./Drivers/STM32F0xx_HAL_Driver/Src/stm32f0xx_ll_gpio.o
 .debug_abbrev  0x0000000000000a64      0x1f8 ./Drivers/STM32F0xx_HAL_Driver/Src/stm32f0xx_ll_rcc.o
 .debug_abbrev  0x0000000000000c5c      0x205 ./Drivers/STM32F0xx_HAL_Driver/Src/stm32f0xx_ll_tim.o
 .debug_abbrev  0x0000000000000e61      0x1d0 ./Drivers/STM32F0xx_HAL_Driver/Src/stm32f0xx_ll_usart.o
 .debug_abbrev  0x0000000000001031      0x250 ./Drivers/STM32F0xx_HAL_Driver/Src/stm32f0xx_ll_utils.o
 .debug_abbrev  0x0000000000001281      0x35b ./ds18b20/ds18b20.o
 .debug_abbrev  0x00000000000015dc      0x29e ./out_pin_with_pwm/regul_pin.o
 .debug_abbrev  0x000000000000187a      0x477 ./uart_prot/uart_prot.o

.debug_aranges  0x0000000000000000      0x748
 .debug_aranges
                0x0000000000000000      0x190 ./Core/Src/main.o
 .debug_aranges
                0x0000000000000190       0x40 ./Core/Src/stm32f0xx_it.o
 .debug_aranges
                0x00000000000001d0       0x28 ./Core/Src/system_stm32f0xx.o
 .debug_aranges
                0x00000000000001f8       0x28 ./Core/Startup/startup_stm32f030f4px.o
 .debug_aranges
                0x0000000000000220       0x70 ./Drivers/STM32F0xx_HAL_Driver/Src/stm32f0xx_ll_gpio.o
 .debug_aranges
                0x0000000000000290       0xe8 ./Drivers/STM32F0xx_HAL_Driver/Src/stm32f0xx_ll_rcc.o
 .debug_aranges
                0x0000000000000378      0x128 ./Drivers/STM32F0xx_HAL_Driver/Src/stm32f0xx_ll_tim.o
 .debug_aranges
                0x00000000000004a0       0x78 ./Drivers/STM32F0xx_HAL_Driver/Src/stm32f0xx_ll_usart.o
 .debug_aranges
                0x0000000000000518       0xe8 ./Drivers/STM32F0xx_HAL_Driver/Src/stm32f0xx_ll_utils.o
 .debug_aranges
                0x0000000000000600       0x80 ./ds18b20/ds18b20.o
 .debug_aranges
                0x0000000000000680       0x50 ./out_pin_with_pwm/regul_pin.o
 .debug_aranges
                0x00000000000006d0       0x78 ./uart_prot/uart_prot.o

.debug_ranges   0x0000000000000000      0x6a8
 .debug_ranges  0x0000000000000000      0x180 ./Core/Src/main.o
 .debug_ranges  0x0000000000000180       0x30 ./Core/Src/stm32f0xx_it.o
 .debug_ranges  0x00000000000001b0       0x18 ./Core/Src/system_stm32f0xx.o
 .debug_ranges  0x00000000000001c8       0x20 ./Core/Startup/startup_stm32f030f4px.o
 .debug_ranges  0x00000000000001e8       0x60 ./Drivers/STM32F0xx_HAL_Driver/Src/stm32f0xx_ll_gpio.o
 .debug_ranges  0x0000000000000248       0xd8 ./Drivers/STM32F0xx_HAL_Driver/Src/stm32f0xx_ll_rcc.o
 .debug_ranges  0x0000000000000320      0x118 ./Drivers/STM32F0xx_HAL_Driver/Src/stm32f0xx_ll_tim.o
 .debug_ranges  0x0000000000000438       0x68 ./Drivers/STM32F0xx_HAL_Driver/Src/stm32f0xx_ll_usart.o
 .debug_ranges  0x00000000000004a0       0xd8 ./Drivers/STM32F0xx_HAL_Driver/Src/stm32f0xx_ll_utils.o
 .debug_ranges  0x0000000000000578       0x70 ./ds18b20/ds18b20.o
 .debug_ranges  0x00000000000005e8       0x40 ./out_pin_with_pwm/regul_pin.o
 .debug_ranges  0x0000000000000628       0x80 ./uart_prot/uart_prot.o

.debug_macro    0x0000000000000000     0xd522
 .debug_macro   0x0000000000000000      0x2ca ./Core/Src/main.o
 .debug_macro   0x00000000000002ca      0xb62 ./Core/Src/main.o
 .debug_macro   0x0000000000000e2c       0x2e ./Core/Src/main.o
 .debug_macro   0x0000000000000e5a       0x22 ./Core/Src/main.o
 .debug_macro   0x0000000000000e7c       0x1c ./Core/Src/main.o
 .debug_macro   0x0000000000000e98       0x22 ./Core/Src/main.o
 .debug_macro   0x0000000000000eba       0x8e ./Core/Src/main.o
 .debug_macro   0x0000000000000f48       0x51 ./Core/Src/main.o
 .debug_macro   0x0000000000000f99      0x103 ./Core/Src/main.o
 .debug_macro   0x000000000000109c       0x6a ./Core/Src/main.o
 .debug_macro   0x0000000000001106      0x1df ./Core/Src/main.o
 .debug_macro   0x00000000000012e5       0x1c ./Core/Src/main.o
 .debug_macro   0x0000000000001301       0x22 ./Core/Src/main.o
 .debug_macro   0x0000000000001323       0xaf ./Core/Src/main.o
 .debug_macro   0x00000000000013d2      0x391 ./Core/Src/main.o
 .debug_macro   0x0000000000001763     0x6e67 ./Core/Src/main.o
 .debug_macro   0x00000000000085ca       0x66 ./Core/Src/main.o
 .debug_macro   0x0000000000008630      0x40c ./Core/Src/main.o
 .debug_macro   0x0000000000008a3c       0xab ./Core/Src/main.o
 .debug_macro   0x0000000000008ae7      0x17d ./Core/Src/main.o
 .debug_macro   0x0000000000008c64       0xd0 ./Core/Src/main.o
 .debug_macro   0x0000000000008d34       0x16 ./Core/Src/main.o
 .debug_macro   0x0000000000008d4a       0x2a ./Core/Src/main.o
 .debug_macro   0x0000000000008d74       0x68 ./Core/Src/main.o
 .debug_macro   0x0000000000008ddc      0x215 ./Core/Src/main.o
 .debug_macro   0x0000000000008ff1      0x5bd ./Core/Src/main.o
 .debug_macro   0x00000000000095ae      0x264 ./Core/Src/main.o
 .debug_macro   0x0000000000009812      0x11f ./Core/Src/main.o
 .debug_macro   0x0000000000009931       0x52 ./Core/Src/main.o
 .debug_macro   0x0000000000009983       0x10 ./Core/Src/main.o
 .debug_macro   0x0000000000009993       0x16 ./Core/Src/main.o
 .debug_macro   0x00000000000099a9       0x52 ./Core/Src/main.o
 .debug_macro   0x00000000000099fb       0x18 ./Core/Src/main.o
 .debug_macro   0x0000000000009a13       0x3c ./Core/Src/main.o
 .debug_macro   0x0000000000009a4f       0x34 ./Core/Src/main.o
 .debug_macro   0x0000000000009a83      0x17b ./Core/Src/main.o
 .debug_macro   0x0000000000009bfe       0x16 ./Core/Src/main.o
 .debug_macro   0x0000000000009c14       0x43 ./Core/Src/main.o
 .debug_macro   0x0000000000009c57       0x34 ./Core/Src/main.o
 .debug_macro   0x0000000000009c8b       0x10 ./Core/Src/main.o
 .debug_macro   0x0000000000009c9b       0x58 ./Core/Src/main.o
 .debug_macro   0x0000000000009cf3       0x71 ./Core/Src/main.o
 .debug_macro   0x0000000000009d64       0x16 ./Core/Src/main.o
 .debug_macro   0x0000000000009d7a      0x12a ./Core/Src/main.o
 .debug_macro   0x0000000000009ea4      0x364 ./Core/Src/main.o
 .debug_macro   0x000000000000a208       0x10 ./Core/Src/main.o
 .debug_macro   0x000000000000a218       0x35 ./Core/Src/main.o
 .debug_macro   0x000000000000a24d       0x20 ./Core/Src/main.o
 .debug_macro   0x000000000000a26d      0x18a ./Core/Src/main.o
 .debug_macro   0x000000000000a3f7       0x10 ./Core/Src/main.o
 .debug_macro   0x000000000000a407      0x3c3 ./Core/Src/main.o
 .debug_macro   0x000000000000a7ca       0x10 ./Core/Src/main.o
 .debug_macro   0x000000000000a7da       0x16 ./Core/Src/main.o
 .debug_macro   0x000000000000a7f0       0x16 ./Core/Src/main.o
 .debug_macro   0x000000000000a806       0x29 ./Core/Src/main.o
 .debug_macro   0x000000000000a82f       0x1c ./Core/Src/main.o
 .debug_macro   0x000000000000a84b       0xde ./Core/Src/main.o
 .debug_macro   0x000000000000a929       0x16 ./Core/Src/main.o
 .debug_macro   0x000000000000a93f      0x13f ./Core/Src/stm32f0xx_it.o
 .debug_macro   0x000000000000aa7e      0xa8a ./Core/Src/stm32f0xx_it.o
 .debug_macro   0x000000000000b508      0x391 ./Core/Src/stm32f0xx_it.o
 .debug_macro   0x000000000000b899       0xbf ./Core/Src/system_stm32f0xx.o
 .debug_macro   0x000000000000b958       0xfb ./Drivers/STM32F0xx_HAL_Driver/Src/stm32f0xx_ll_gpio.o
 .debug_macro   0x000000000000ba53      0x119 ./Drivers/STM32F0xx_HAL_Driver/Src/stm32f0xx_ll_gpio.o
 .debug_macro   0x000000000000bb6c       0xda ./Drivers/STM32F0xx_HAL_Driver/Src/stm32f0xx_ll_rcc.o
 .debug_macro   0x000000000000bc46      0x406 ./Drivers/STM32F0xx_HAL_Driver/Src/stm32f0xx_ll_rcc.o
 .debug_macro   0x000000000000c04c      0x144 ./Drivers/STM32F0xx_HAL_Driver/Src/stm32f0xx_ll_tim.o
 .debug_macro   0x000000000000c190      0x5b7 ./Drivers/STM32F0xx_HAL_Driver/Src/stm32f0xx_ll_tim.o
 .debug_macro   0x000000000000c747      0x128 ./Drivers/STM32F0xx_HAL_Driver/Src/stm32f0xx_ll_usart.o
 .debug_macro   0x000000000000c86f      0x25e ./Drivers/STM32F0xx_HAL_Driver/Src/stm32f0xx_ll_usart.o
 .debug_macro   0x000000000000cacd      0x128 ./Drivers/STM32F0xx_HAL_Driver/Src/stm32f0xx_ll_utils.o
 .debug_macro   0x000000000000cbf5      0x29a ./ds18b20/ds18b20.o
 .debug_macro   0x000000000000ce8f      0x159 ./out_pin_with_pwm/regul_pin.o
 .debug_macro   0x000000000000cfe8      0x261 ./uart_prot/uart_prot.o
 .debug_macro   0x000000000000d249      0x10e ./uart_prot/uart_prot.o
 .debug_macro   0x000000000000d357       0x94 ./uart_prot/uart_prot.o
 .debug_macro   0x000000000000d3eb      0x137 ./uart_prot/uart_prot.o

.debug_line     0x0000000000000000     0x66c5
 .debug_line    0x0000000000000000     0x1281 ./Core/Src/main.o
 .debug_line    0x0000000000001281      0x5f6 ./Core/Src/stm32f0xx_it.o
 .debug_line    0x0000000000001877      0x4c2 ./Core/Src/system_stm32f0xx.o
 .debug_line    0x0000000000001d39       0x89 ./Core/Startup/startup_stm32f030f4px.o
 .debug_line    0x0000000000001dc2      0x630 ./Drivers/STM32F0xx_HAL_Driver/Src/stm32f0xx_ll_gpio.o
 .debug_line    0x00000000000023f2      0x835 ./Drivers/STM32F0xx_HAL_Driver/Src/stm32f0xx_ll_rcc.o
 .debug_line    0x0000000000002c27      0xa78 ./Drivers/STM32F0xx_HAL_Driver/Src/stm32f0xx_ll_tim.o
 .debug_line    0x000000000000369f      0x67c ./Drivers/STM32F0xx_HAL_Driver/Src/stm32f0xx_ll_usart.o
 .debug_line    0x0000000000003d1b      0x8a5 ./Drivers/STM32F0xx_HAL_Driver/Src/stm32f0xx_ll_utils.o
 .debug_line    0x00000000000045c0      0xc87 ./ds18b20/ds18b20.o
 .debug_line    0x0000000000005247      0x870 ./out_pin_with_pwm/regul_pin.o
 .debug_line    0x0000000000005ab7      0xc0e ./uart_prot/uart_prot.o

.debug_str      0x0000000000000000    0x3e77f
 .debug_str     0x0000000000000000    0x3a1ea ./Core/Src/main.o
                                      0x3a5ee (size before relaxing)
 .debug_str     0x000000000003a1ea      0x23c ./Core/Src/stm32f0xx_it.o
                                      0x3450b (size before relaxing)
 .debug_str     0x000000000003a426       0x9c ./Core/Src/system_stm32f0xx.o
                                      0x2bd69 (size before relaxing)
 .debug_str     0x000000000003a4c2       0x36 ./Core/Startup/startup_stm32f030f4px.o
                                         0x72 (size before relaxing)
 .debug_str     0x000000000003a4f8      0x521 ./Drivers/STM32F0xx_HAL_Driver/Src/stm32f0xx_ll_gpio.o
                                      0x2cdec (size before relaxing)
 .debug_str     0x000000000003aa19      0x39b ./Drivers/STM32F0xx_HAL_Driver/Src/stm32f0xx_ll_rcc.o
                                      0x2dcdd (size before relaxing)
 .debug_str     0x000000000003adb4     0x1348 ./Drivers/STM32F0xx_HAL_Driver/Src/stm32f0xx_ll_tim.o
                                      0x30502 (size before relaxing)
 .debug_str     0x000000000003c0fc      0x781 ./Drivers/STM32F0xx_HAL_Driver/Src/stm32f0xx_ll_usart.o
                                      0x2f36d (size before relaxing)
 .debug_str     0x000000000003c87d      0xb85 ./Drivers/STM32F0xx_HAL_Driver/Src/stm32f0xx_ll_utils.o
                                      0x2f347 (size before relaxing)
 .debug_str     0x000000000003d402       0x70 ./ds18b20/ds18b20.o
                                      0x39834 (size before relaxing)
 .debug_str     0x000000000003d472      0x118 ./out_pin_with_pwm/regul_pin.o
                                      0x34e06 (size before relaxing)
 .debug_str     0x000000000003d58a     0x11f5 ./uart_prot/uart_prot.o
                                       0xa0f8 (size before relaxing)

.comment        0x0000000000000000       0x50
 .comment       0x0000000000000000       0x50 ./Core/Src/main.o
                                         0x51 (size before relaxing)
 .comment       0x0000000000000050       0x51 ./Core/Src/stm32f0xx_it.o
 .comment       0x0000000000000050       0x51 ./Core/Src/system_stm32f0xx.o
 .comment       0x0000000000000050       0x51 ./Drivers/STM32F0xx_HAL_Driver/Src/stm32f0xx_ll_gpio.o
 .comment       0x0000000000000050       0x51 ./Drivers/STM32F0xx_HAL_Driver/Src/stm32f0xx_ll_rcc.o
 .comment       0x0000000000000050       0x51 ./Drivers/STM32F0xx_HAL_Driver/Src/stm32f0xx_ll_tim.o
 .comment       0x0000000000000050       0x51 ./Drivers/STM32F0xx_HAL_Driver/Src/stm32f0xx_ll_usart.o
 .comment       0x0000000000000050       0x51 ./Drivers/STM32F0xx_HAL_Driver/Src/stm32f0xx_ll_utils.o
 .comment       0x0000000000000050       0x51 ./ds18b20/ds18b20.o
 .comment       0x0000000000000050       0x51 ./out_pin_with_pwm/regul_pin.o
 .comment       0x0000000000000050       0x51 ./uart_prot/uart_prot.o

.debug_frame    0x0000000000000000     0x1b88
 .debug_frame   0x0000000000000000      0x5c0 ./Core/Src/main.o
 .debug_frame   0x00000000000005c0       0x9c ./Core/Src/stm32f0xx_it.o
 .debug_frame   0x000000000000065c       0x4c ./Core/Src/system_stm32f0xx.o
 .debug_frame   0x00000000000006a8      0x170 ./Drivers/STM32F0xx_HAL_Driver/Src/stm32f0xx_ll_gpio.o
 .debug_frame   0x0000000000000818      0x318 ./Drivers/STM32F0xx_HAL_Driver/Src/stm32f0xx_ll_rcc.o
 .debug_frame   0x0000000000000b30      0x450 ./Drivers/STM32F0xx_HAL_Driver/Src/stm32f0xx_ll_tim.o
 .debug_frame   0x0000000000000f80      0x190 ./Drivers/STM32F0xx_HAL_Driver/Src/stm32f0xx_ll_usart.o
 .debug_frame   0x0000000000001110      0x328 ./Drivers/STM32F0xx_HAL_Driver/Src/stm32f0xx_ll_utils.o
 .debug_frame   0x0000000000001438      0x1b4 ./ds18b20/ds18b20.o
 .debug_frame   0x00000000000015ec       0xfc ./out_pin_with_pwm/regul_pin.o
 .debug_frame   0x00000000000016e8      0x190 ./uart_prot/uart_prot.o
 .debug_frame   0x0000000000001878       0x2c c:/st/stm32cubeide_1.9.0/stm32cubeide/plugins/com.st.stm32cube.ide.mcu.externaltools.gnu-tools-for-stm32.10.3-2021.10.win32_1.0.0.202111181127/tools/bin/../lib/gcc/arm-none-eabi/10.3.1/../../../../arm-none-eabi/lib/thumb/v6-m/nofp\libc_nano.a(lib_a-init.o)
 .debug_frame   0x00000000000018a4       0x20 c:/st/stm32cubeide_1.9.0/stm32cubeide/plugins/com.st.stm32cube.ide.mcu.externaltools.gnu-tools-for-stm32.10.3-2021.10.win32_1.0.0.202111181127/tools/bin/../lib/gcc/arm-none-eabi/10.3.1/../../../../arm-none-eabi/lib/thumb/v6-m/nofp\libc_nano.a(lib_a-memset.o)
 .debug_frame   0x00000000000018c4       0x20 c:/st/stm32cubeide_1.9.0/stm32cubeide/plugins/com.st.stm32cube.ide.mcu.externaltools.gnu-tools-for-stm32.10.3-2021.10.win32_1.0.0.202111181127/tools/bin/../lib/gcc/arm-none-eabi/10.3.1/thumb/v6-m/nofp\libgcc.a(_udivsi3.o)
 .debug_frame   0x00000000000018e4       0x34 c:/st/stm32cubeide_1.9.0/stm32cubeide/plugins/com.st.stm32cube.ide.mcu.externaltools.gnu-tools-for-stm32.10.3-2021.10.win32_1.0.0.202111181127/tools/bin/../lib/gcc/arm-none-eabi/10.3.1/thumb/v6-m/nofp\libgcc.a(_muldi3.o)
 .debug_frame   0x0000000000001918       0x34 c:/st/stm32cubeide_1.9.0/stm32cubeide/plugins/com.st.stm32cube.ide.mcu.externaltools.gnu-tools-for-stm32.10.3-2021.10.win32_1.0.0.202111181127/tools/bin/../lib/gcc/arm-none-eabi/10.3.1/thumb/v6-m/nofp\libgcc.a(addsf3.o)
 .debug_frame   0x000000000000194c       0x38 c:/st/stm32cubeide_1.9.0/stm32cubeide/plugins/com.st.stm32cube.ide.mcu.externaltools.gnu-tools-for-stm32.10.3-2021.10.win32_1.0.0.202111181127/tools/bin/../lib/gcc/arm-none-eabi/10.3.1/thumb/v6-m/nofp\libgcc.a(divsf3.o)
 .debug_frame   0x0000000000001984       0x2c c:/st/stm32cubeide_1.9.0/stm32cubeide/plugins/com.st.stm32cube.ide.mcu.externaltools.gnu-tools-for-stm32.10.3-2021.10.win32_1.0.0.202111181127/tools/bin/../lib/gcc/arm-none-eabi/10.3.1/thumb/v6-m/nofp\libgcc.a(eqsf2.o)
 .debug_frame   0x00000000000019b0       0x2c c:/st/stm32cubeide_1.9.0/stm32cubeide/plugins/com.st.stm32cube.ide.mcu.externaltools.gnu-tools-for-stm32.10.3-2021.10.win32_1.0.0.202111181127/tools/bin/../lib/gcc/arm-none-eabi/10.3.1/thumb/v6-m/nofp\libgcc.a(gesf2.o)
 .debug_frame   0x00000000000019dc       0x2c c:/st/stm32cubeide_1.9.0/stm32cubeide/plugins/com.st.stm32cube.ide.mcu.externaltools.gnu-tools-for-stm32.10.3-2021.10.win32_1.0.0.202111181127/tools/bin/../lib/gcc/arm-none-eabi/10.3.1/thumb/v6-m/nofp\libgcc.a(lesf2.o)
 .debug_frame   0x0000000000001a08       0x38 c:/st/stm32cubeide_1.9.0/stm32cubeide/plugins/com.st.stm32cube.ide.mcu.externaltools.gnu-tools-for-stm32.10.3-2021.10.win32_1.0.0.202111181127/tools/bin/../lib/gcc/arm-none-eabi/10.3.1/thumb/v6-m/nofp\libgcc.a(mulsf3.o)
 .debug_frame   0x0000000000001a40       0x38 c:/st/stm32cubeide_1.9.0/stm32cubeide/plugins/com.st.stm32cube.ide.mcu.externaltools.gnu-tools-for-stm32.10.3-2021.10.win32_1.0.0.202111181127/tools/bin/../lib/gcc/arm-none-eabi/10.3.1/thumb/v6-m/nofp\libgcc.a(subsf3.o)
 .debug_frame   0x0000000000001a78       0x20 c:/st/stm32cubeide_1.9.0/stm32cubeide/plugins/com.st.stm32cube.ide.mcu.externaltools.gnu-tools-for-stm32.10.3-2021.10.win32_1.0.0.202111181127/tools/bin/../lib/gcc/arm-none-eabi/10.3.1/thumb/v6-m/nofp\libgcc.a(fixsfsi.o)
 .debug_frame   0x0000000000001a98       0x30 c:/st/stm32cubeide_1.9.0/stm32cubeide/plugins/com.st.stm32cube.ide.mcu.externaltools.gnu-tools-for-stm32.10.3-2021.10.win32_1.0.0.202111181127/tools/bin/../lib/gcc/arm-none-eabi/10.3.1/thumb/v6-m/nofp\libgcc.a(floatsisf.o)
 .debug_frame   0x0000000000001ac8       0x2c c:/st/stm32cubeide_1.9.0/stm32cubeide/plugins/com.st.stm32cube.ide.mcu.externaltools.gnu-tools-for-stm32.10.3-2021.10.win32_1.0.0.202111181127/tools/bin/../lib/gcc/arm-none-eabi/10.3.1/thumb/v6-m/nofp\libgcc.a(floatunsisf.o)
 .debug_frame   0x0000000000001af4       0x3c c:/st/stm32cubeide_1.9.0/stm32cubeide/plugins/com.st.stm32cube.ide.mcu.externaltools.gnu-tools-for-stm32.10.3-2021.10.win32_1.0.0.202111181127/tools/bin/../lib/gcc/arm-none-eabi/10.3.1/thumb/v6-m/nofp\libgcc.a(muldf3.o)
 .debug_frame   0x0000000000001b30       0x2c c:/st/stm32cubeide_1.9.0/stm32cubeide/plugins/com.st.stm32cube.ide.mcu.externaltools.gnu-tools-for-stm32.10.3-2021.10.win32_1.0.0.202111181127/tools/bin/../lib/gcc/arm-none-eabi/10.3.1/thumb/v6-m/nofp\libgcc.a(fixdfsi.o)
 .debug_frame   0x0000000000001b5c       0x2c c:/st/stm32cubeide_1.9.0/stm32cubeide/plugins/com.st.stm32cube.ide.mcu.externaltools.gnu-tools-for-stm32.10.3-2021.10.win32_1.0.0.202111181127/tools/bin/../lib/gcc/arm-none-eabi/10.3.1/thumb/v6-m/nofp\libgcc.a(extendsfdf2.o)
